Archive member included to satisfy reference by file (symbol)

f:/stm32_ide/stm32cubeide_1.10.1/stm32cubeide/plugins/com.st.stm32cube.ide.mcu.externaltools.gnu-tools-for-stm32.10.3-2021.10.win32_1.0.0.202111181127/tools/bin/../lib/gcc/arm-none-eabi/10.3.1/../../../../arm-none-eabi/lib/thumb/v7-m/nofp\libc_nano.a(lib_a-errno.o)
                              ./Core/Src/syscalls.o (__errno)
f:/stm32_ide/stm32cubeide_1.10.1/stm32cubeide/plugins/com.st.stm32cube.ide.mcu.externaltools.gnu-tools-for-stm32.10.3-2021.10.win32_1.0.0.202111181127/tools/bin/../lib/gcc/arm-none-eabi/10.3.1/../../../../arm-none-eabi/lib/thumb/v7-m/nofp\libc_nano.a(lib_a-exit.o)
                              f:/stm32_ide/stm32cubeide_1.10.1/stm32cubeide/plugins/com.st.stm32cube.ide.mcu.externaltools.gnu-tools-for-stm32.10.3-2021.10.win32_1.0.0.202111181127/tools/bin/../lib/gcc/arm-none-eabi/10.3.1/../../../../arm-none-eabi/lib/thumb/v7-m/nofp/crt0.o (exit)
f:/stm32_ide/stm32cubeide_1.10.1/stm32cubeide/plugins/com.st.stm32cube.ide.mcu.externaltools.gnu-tools-for-stm32.10.3-2021.10.win32_1.0.0.202111181127/tools/bin/../lib/gcc/arm-none-eabi/10.3.1/../../../../arm-none-eabi/lib/thumb/v7-m/nofp\libc_nano.a(lib_a-impure.o)
                              f:/stm32_ide/stm32cubeide_1.10.1/stm32cubeide/plugins/com.st.stm32cube.ide.mcu.externaltools.gnu-tools-for-stm32.10.3-2021.10.win32_1.0.0.202111181127/tools/bin/../lib/gcc/arm-none-eabi/10.3.1/../../../../arm-none-eabi/lib/thumb/v7-m/nofp\libc_nano.a(lib_a-exit.o) (_global_impure_ptr)
f:/stm32_ide/stm32cubeide_1.10.1/stm32cubeide/plugins/com.st.stm32cube.ide.mcu.externaltools.gnu-tools-for-stm32.10.3-2021.10.win32_1.0.0.202111181127/tools/bin/../lib/gcc/arm-none-eabi/10.3.1/../../../../arm-none-eabi/lib/thumb/v7-m/nofp\libc_nano.a(lib_a-init.o)
                              f:/stm32_ide/stm32cubeide_1.10.1/stm32cubeide/plugins/com.st.stm32cube.ide.mcu.externaltools.gnu-tools-for-stm32.10.3-2021.10.win32_1.0.0.202111181127/tools/bin/../lib/gcc/arm-none-eabi/10.3.1/../../../../arm-none-eabi/lib/thumb/v7-m/nofp/crt0.o (__libc_init_array)
f:/stm32_ide/stm32cubeide_1.10.1/stm32cubeide/plugins/com.st.stm32cube.ide.mcu.externaltools.gnu-tools-for-stm32.10.3-2021.10.win32_1.0.0.202111181127/tools/bin/../lib/gcc/arm-none-eabi/10.3.1/../../../../arm-none-eabi/lib/thumb/v7-m/nofp\libc_nano.a(lib_a-memset.o)
                              f:/stm32_ide/stm32cubeide_1.10.1/stm32cubeide/plugins/com.st.stm32cube.ide.mcu.externaltools.gnu-tools-for-stm32.10.3-2021.10.win32_1.0.0.202111181127/tools/bin/../lib/gcc/arm-none-eabi/10.3.1/../../../../arm-none-eabi/lib/thumb/v7-m/nofp/crt0.o (memset)
f:/stm32_ide/stm32cubeide_1.10.1/stm32cubeide/plugins/com.st.stm32cube.ide.mcu.externaltools.gnu-tools-for-stm32.10.3-2021.10.win32_1.0.0.202111181127/tools/bin/../lib/gcc/arm-none-eabi/10.3.1/../../../../arm-none-eabi/lib/thumb/v7-m/nofp\libc_nano.a(lib_a-sprintf.o)
                              ./Core/Src/main.o (sprintf)
f:/stm32_ide/stm32cubeide_1.10.1/stm32cubeide/plugins/com.st.stm32cube.ide.mcu.externaltools.gnu-tools-for-stm32.10.3-2021.10.win32_1.0.0.202111181127/tools/bin/../lib/gcc/arm-none-eabi/10.3.1/../../../../arm-none-eabi/lib/thumb/v7-m/nofp\libc_nano.a(lib_a-nano-svfprintf.o)
                              f:/stm32_ide/stm32cubeide_1.10.1/stm32cubeide/plugins/com.st.stm32cube.ide.mcu.externaltools.gnu-tools-for-stm32.10.3-2021.10.win32_1.0.0.202111181127/tools/bin/../lib/gcc/arm-none-eabi/10.3.1/../../../../arm-none-eabi/lib/thumb/v7-m/nofp\libc_nano.a(lib_a-sprintf.o) (_svfprintf_r)
f:/stm32_ide/stm32cubeide_1.10.1/stm32cubeide/plugins/com.st.stm32cube.ide.mcu.externaltools.gnu-tools-for-stm32.10.3-2021.10.win32_1.0.0.202111181127/tools/bin/../lib/gcc/arm-none-eabi/10.3.1/../../../../arm-none-eabi/lib/thumb/v7-m/nofp\libc_nano.a(lib_a-nano-vfprintf_i.o)
                              f:/stm32_ide/stm32cubeide_1.10.1/stm32cubeide/plugins/com.st.stm32cube.ide.mcu.externaltools.gnu-tools-for-stm32.10.3-2021.10.win32_1.0.0.202111181127/tools/bin/../lib/gcc/arm-none-eabi/10.3.1/../../../../arm-none-eabi/lib/thumb/v7-m/nofp\libc_nano.a(lib_a-nano-svfprintf.o) (_printf_i)
f:/stm32_ide/stm32cubeide_1.10.1/stm32cubeide/plugins/com.st.stm32cube.ide.mcu.externaltools.gnu-tools-for-stm32.10.3-2021.10.win32_1.0.0.202111181127/tools/bin/../lib/gcc/arm-none-eabi/10.3.1/../../../../arm-none-eabi/lib/thumb/v7-m/nofp\libc_nano.a(lib_a-memchr-stub.o)
                              f:/stm32_ide/stm32cubeide_1.10.1/stm32cubeide/plugins/com.st.stm32cube.ide.mcu.externaltools.gnu-tools-for-stm32.10.3-2021.10.win32_1.0.0.202111181127/tools/bin/../lib/gcc/arm-none-eabi/10.3.1/../../../../arm-none-eabi/lib/thumb/v7-m/nofp\libc_nano.a(lib_a-nano-svfprintf.o) (memchr)
f:/stm32_ide/stm32cubeide_1.10.1/stm32cubeide/plugins/com.st.stm32cube.ide.mcu.externaltools.gnu-tools-for-stm32.10.3-2021.10.win32_1.0.0.202111181127/tools/bin/../lib/gcc/arm-none-eabi/10.3.1/../../../../arm-none-eabi/lib/thumb/v7-m/nofp\libc_nano.a(lib_a-memcpy-stub.o)
[...]
Memory Configuration

Name             Origin             Length             Attributes
RAM              0x0000000020000000 0x0000000000005000 xrw
FLASH            0x0000000008000000 0x0000000000020000 xr
*default*        0x0000000000000000 0xffffffffffffffff

Linker script and memory map

LOAD f:/stm32_ide/stm32cubeide_1.10.1/stm32cubeide/plugins/com.st.stm32cube.ide.mcu.externaltools.gnu-tools-for-stm32.10.3-2021.10.win32_1.0.0.202111181127/tools/bin/../lib/gcc/arm-none-eabi/10.3.1/thumb/v7-m/nofp/crti.o
LOAD f:/stm32_ide/stm32cubeide_1.10.1/stm32cubeide/plugins/com.st.stm32cube.ide.mcu.externaltools.gnu-tools-for-stm32.10.3-2021.10.win32_1.0.0.202111181127/tools/bin/../lib/gcc/arm-none-eabi/10.3.1/thumb/v7-m/nofp/crtbegin.o
LOAD f:/stm32_ide/stm32cubeide_1.10.1/stm32cubeide/plugins/com.st.stm32cube.ide.mcu.externaltools.gnu-tools-for-stm32.10.3-2021.10.win32_1.0.0.202111181127/tools/bin/../lib/gcc/arm-none-eabi/10.3.1/../../../../arm-none-eabi/lib/thumb/v7-m/nofp/crt0.o
LOAD ./Core/Src/fsm.o
LOAD ./Core/Src/global.o
LOAD ./Core/Src/input_reading.o
LOAD ./Core/Src/main.o
LOAD ./Core/Src/output_control.o
LOAD ./Core/Src/scheduler.o
LOAD ./Core/Src/software_timer.o
LOAD ./Core/Src/stm32f1xx_hal_msp.o
LOAD ./Core/Src/stm32f1xx_it.o
LOAD ./Core/Src/syscalls.o
LOAD ./Core/Src/sysmem.o
LOAD ./Core/Src/system_stm32f1xx.o
LOAD ./Core/Startup/startup_stm32f103rbtx.o
LOAD ./Drivers/STM32F1xx_HAL_Driver/Src/stm32f1xx_hal.o
LOAD ./Drivers/STM32F1xx_HAL_Driver/Src/stm32f1xx_hal_cortex.o
LOAD ./Drivers/STM32F1xx_HAL_Driver/Src/stm32f1xx_hal_dma.o
LOAD ./Drivers/STM32F1xx_HAL_Driver/Src/stm32f1xx_hal_exti.o
LOAD ./Drivers/STM32F1xx_HAL_Driver/Src/stm32f1xx_hal_flash.o
LOAD ./Drivers/STM32F1xx_HAL_Driver/Src/stm32f1xx_hal_flash_ex.o
LOAD ./Drivers/STM32F1xx_HAL_Driver/Src/stm32f1xx_hal_gpio.o
LOAD ./Drivers/STM32F1xx_HAL_Driver/Src/stm32f1xx_hal_gpio_ex.o
LOAD ./Drivers/STM32F1xx_HAL_Driver/Src/stm32f1xx_hal_pwr.o
LOAD ./Drivers/STM32F1xx_HAL_Driver/Src/stm32f1xx_hal_rcc.o
LOAD ./Drivers/STM32F1xx_HAL_Driver/Src/stm32f1xx_hal_rcc_ex.o
LOAD ./Drivers/STM32F1xx_HAL_Driver/Src/stm32f1xx_hal_tim.o
LOAD ./Drivers/STM32F1xx_HAL_Driver/Src/stm32f1xx_hal_tim_ex.o
LOAD ./Drivers/STM32F1xx_HAL_Driver/Src/stm32f1xx_hal_uart.o
START GROUP
LOAD f:/stm32_ide/stm32cubeide_1.10.1/stm32cubeide/plugins/com.st.stm32cube.ide.mcu.externaltools.gnu-tools-for-stm32.10.3-2021.10.win32_1.0.0.202111181127/tools/bin/../lib/gcc/arm-none-eabi/10.3.1/../../../../arm-none-eabi/lib/thumb/v7-m/nofp\libc_nano.a
LOAD f:/stm32_ide/stm32cubeide_1.10.1/stm32cubeide/plugins/com.st.stm32cube.ide.mcu.externaltools.gnu-tools-for-stm32.10.3-2021.10.win32_1.0.0.202111181127/tools/bin/../lib/gcc/arm-none-eabi/10.3.1/../../../../arm-none-eabi/lib/thumb/v7-m/nofp\libm.a
END GROUP
START GROUP
LOAD f:/stm32_ide/stm32cubeide_1.10.1/stm32cubeide/plugins/com.st.stm32cube.ide.mcu.externaltools.gnu-tools-for-stm32.10.3-2021.10.win32_1.0.0.202111181127/tools/bin/../lib/gcc/arm-none-eabi/10.3.1/thumb/v7-m/nofp\libgcc.a
LOAD f:/stm32_ide/stm32cubeide_1.10.1/stm32cubeide/plugins/com.st.stm32cube.ide.mcu.externaltools.gnu-tools-for-stm32.10.3-2021.10.win32_1.0.0.202111181127/tools/bin/../lib/gcc/arm-none-eabi/10.3.1/../../../../arm-none-eabi/lib/thumb/v7-m/nofp\libc_nano.a
END GROUP
START GROUP
LOAD f:/stm32_ide/stm32cubeide_1.10.1/stm32cubeide/plugins/com.st.stm32cube.ide.mcu.externaltools.gnu-tools-for-stm32.10.3-2021.10.win32_1.0.0.202111181127/tools/bin/../lib/gcc/arm-none-eabi/10.3.1/thumb/v7-m/nofp\libgcc.a
LOAD f:/stm32_ide/stm32cubeide_1.10.1/stm32cubeide/plugins/com.st.stm32cube.ide.mcu.externaltools.gnu-tools-for-stm32.10.3-2021.10.win32_1.0.0.202111181127/tools/bin/../lib/gcc/arm-none-eabi/10.3.1/../../../../arm-none-eabi/lib/thumb/v7-m/nofp\libc_nano.a
LOAD f:/stm32_ide/stm32cubeide_1.10.1/stm32cubeide/plugins/com.st.stm32cube.ide.mcu.externaltools.gnu-tools-for-stm32.10.3-2021.10.win32_1.0.0.202111181127/tools/bin/../lib/gcc/arm-none-eabi/10.3.1/../../../../arm-none-eabi/lib/thumb/v7-m/nofp\libnosys.a
END GROUP
START GROUP
LOAD f:/stm32_ide/stm32cubeide_1.10.1/stm32cubeide/plugins/com.st.stm32cube.ide.mcu.externaltools.gnu-tools-for-stm32.10.3-2021.10.win32_1.0.0.202111181127/tools/bin/../lib/gcc/arm-none-eabi/10.3.1/thumb/v7-m/nofp\libgcc.a
LOAD f:/stm32_ide/stm32cubeide_1.10.1/stm32cubeide/plugins/com.st.stm32cube.ide.mcu.externaltools.gnu-tools-for-stm32.10.3-2021.10.win32_1.0.0.202111181127/tools/bin/../lib/gcc/arm-none-eabi/10.3.1/../../../../arm-none-eabi/lib/thumb/v7-m/nofp\libc_nano.a
LOAD f:/stm32_ide/stm32cubeide_1.10.1/stm32cubeide/plugins/com.st.stm32cube.ide.mcu.externaltools.gnu-tools-for-stm32.10.3-2021.10.win32_1.0.0.202111181127/tools/bin/../lib/gcc/arm-none-eabi/10.3.1/../../../../arm-none-eabi/lib/thumb/v7-m/nofp\libnosys.a
END GROUP
LOAD f:/stm32_ide/stm32cubeide_1.10.1/stm32cubeide/plugins/com.st.stm32cube.ide.mcu.externaltools.gnu-tools-for-stm32.10.3-2021.10.win32_1.0.0.202111181127/tools/bin/../lib/gcc/arm-none-eabi/10.3.1/thumb/v7-m/nofp/crtend.o
LOAD f:/stm32_ide/stm32cubeide_1.10.1/stm32cubeide/plugins/com.st.stm32cube.ide.mcu.externaltools.gnu-tools-for-stm32.10.3-2021.10.win32_1.0.0.202111181127/tools/bin/../lib/gcc/arm-none-eabi/10.3.1/thumb/v7-m/nofp/crtn.o
                0x0000000020005000                _estack = (ORIGIN (RAM) + LENGTH (RAM))
                0x0000000000000200                _Min_Heap_Size = 0x200
                0x0000000000000400                _Min_Stack_Size = 0x400

.isr_vector     0x0000000008000000      0x10c
                0x0000000008000000                . = ALIGN (0x4)
 *(.isr_vector)
 .isr_vector    0x0000000008000000      0x10c ./Core/Startup/startup_stm32f103rbtx.o
                0x0000000008000000                g_pfnVectors
                0x000000000800010c                . = ALIGN (0x4)

.text           0x000000000800010c     0x456c
                0x000000000800010c                . = ALIGN (0x4)
 *(.text)
 .text          0x000000000800010c       0x40 f:/stm32_ide/stm32cubeide_1.10.1/stm32cubeide/plugins/com.st.stm32cube.ide.mcu.externaltools.gnu-tools-for-stm32.10.3-2021.10.win32_1.0.0.202111181127/tools/bin/../lib/gcc/arm-none-eabi/10.3.1/thumb/v7-m/nofp/crtbegin.o
 *(.text*)
 .text.Off_Buzzer
                0x000000000800014c       0x18 ./Core/Src/fsm.o
                0x000000000800014c                Off_Buzzer
 .text.Pedestrian_Control
                0x0000000008000164       0x74 ./Core/Src/fsm.o
                0x0000000008000164                Pedestrian_Control
 .text.Delete_Pedestrian_Control
                0x00000000080001d8       0x24 ./Core/Src/fsm.o
                0x00000000080001d8                Delete_Pedestrian_Control
 .text.fsm_for_manual_1
                0x00000000080001fc       0x80 ./Core/Src/fsm.o
                0x00000000080001fc                fsm_for_manual_1
 .text.fsm_for_manual_2
                0x000000000800027c       0x80 ./Core/Src/fsm.o
                0x000000000800027c                fsm_for_manual_2
 .text.fsm_for_auto_1
                0x00000000080002fc       0xcc ./Core/Src/fsm.o
                0x00000000080002fc                fsm_for_auto_1
 .text.fsm_for_auto_2
                0x00000000080003c8       0xcc ./Core/Src/fsm.o
                0x00000000080003c8                fsm_for_auto_2
 .text.fsm_for_input_processing
                0x0000000008000494      0x28c ./Core/Src/fsm.o
                0x0000000008000494                fsm_for_input_processing
 .text.button_reading
                0x0000000008000720       0xec ./Core/Src/input_reading.o
                0x0000000008000720                button_reading
 .text.is_button_pressed
                0x000000000800080c       0x28 ./Core/Src/input_reading.o
                0x000000000800080c                is_button_pressed
 .text.main     0x0000000008000834       0x84 ./Core/Src/main.o
                0x0000000008000834                main
 .text.SystemClock_Config
                0x00000000080008b8       0x82 ./Core/Src/main.o
                0x00000000080008b8                SystemClock_Config
 *fill*         0x000000000800093a        0x2 
 .text.MX_TIM2_Init
                0x000000000800093c       0x98 ./Core/Src/main.o
 .text.MX_TIM3_Init
                0x00000000080009d4       0xec ./Core/Src/main.o
 .text.MX_USART2_UART_Init
                0x0000000008000ac0       0x54 ./Core/Src/main.o
 .text.MX_GPIO_Init
                0x0000000008000b14       0xdc ./Core/Src/main.o
 .text.UART_Buffer_Transmit
                0x0000000008000bf0       0x58 ./Core/Src/main.o
                0x0000000008000bf0                UART_Buffer_Transmit
 .text.Buzzer_PWM_Control
                0x0000000008000c48       0x20 ./Core/Src/main.o
                0x0000000008000c48                Buzzer_PWM_Control
 .text.Error_Handler
                0x0000000008000c68        0xa ./Core/Src/main.o
                0x0000000008000c68                Error_Handler
 *fill*         0x0000000008000c72        0x2 
 .text.Light_1_Red
                0x0000000008000c74       0x28 ./Core/Src/output_control.o
                0x0000000008000c74                Light_1_Red
 .text.Light_1_Amber
                0x0000000008000c9c       0x28 ./Core/Src/output_control.o
                0x0000000008000c9c                Light_1_Amber
 .text.Light_1_Green
                0x0000000008000cc4       0x28 ./Core/Src/output_control.o
                0x0000000008000cc4                Light_1_Green
 .text.Light_2_Red
                0x0000000008000cec       0x20 ./Core/Src/output_control.o
                0x0000000008000cec                Light_2_Red
 .text.Light_2_Amber
                0x0000000008000d0c       0x20 ./Core/Src/output_control.o
                0x0000000008000d0c                Light_2_Amber
 .text.Light_2_Green
                0x0000000008000d2c       0x20 ./Core/Src/output_control.o
                0x0000000008000d2c                Light_2_Green
 .text.Light_P_Off
                0x0000000008000d4c       0x28 ./Core/Src/output_control.o
                0x0000000008000d4c                Light_P_Off
 .text.Light_P_Red
                0x0000000008000d74       0x28 ./Core/Src/output_control.o
                0x0000000008000d74                Light_P_Red
 .text.Light_P_Green
                0x0000000008000d9c       0x28 ./Core/Src/output_control.o
                0x0000000008000d9c                Light_P_Green
 .text.SCH_Init
                0x0000000008000dc4       0x24 ./Core/Src/scheduler.o
                0x0000000008000dc4                SCH_Init
 .text.SCH_Add_Task
                0x0000000008000de8       0x9c ./Core/Src/scheduler.o
                0x0000000008000de8                SCH_Add_Task
 .text.SCH_Update
                0x0000000008000e84       0xc4 ./Core/Src/scheduler.o
                0x0000000008000e84                SCH_Update
 .text.SCH_Dispatch_Tasks
                0x0000000008000f48       0x94 ./Core/Src/scheduler.o
                0x0000000008000f48                SCH_Dispatch_Tasks
 .text.SCH_Delete_Task
                0x0000000008000fdc       0x90 ./Core/Src/scheduler.o
                0x0000000008000fdc                SCH_Delete_Task
 .text.SCH_Delete_Task_NAME
                0x000000000800106c       0x44 ./Core/Src/scheduler.o
                0x000000000800106c                SCH_Delete_Task_NAME
 .text.RunSoftwareTimer
                0x00000000080010b0       0xb4 ./Core/Src/software_timer.o
                0x00000000080010b0                RunSoftwareTimer
 .text.HAL_TIM_PeriodElapsedCallback
                0x0000000008001164       0x1e ./Core/Src/software_timer.o
                0x0000000008001164                HAL_TIM_PeriodElapsedCallback
 *fill*         0x0000000008001182        0x2 
 .text.HAL_MspInit
                0x0000000008001184       0x64 ./Core/Src/stm32f1xx_hal_msp.o
                0x0000000008001184                HAL_MspInit
 .text.HAL_TIM_Base_MspInit
                0x00000000080011e8       0x80 ./Core/Src/stm32f1xx_hal_msp.o
                0x00000000080011e8                HAL_TIM_Base_MspInit
 .text.HAL_TIM_MspPostInit
                0x0000000008001268       0x64 ./Core/Src/stm32f1xx_hal_msp.o
                0x0000000008001268                HAL_TIM_MspPostInit
 .text.HAL_UART_MspInit
                0x00000000080012cc       0xa4 ./Core/Src/stm32f1xx_hal_msp.o
                0x00000000080012cc                HAL_UART_MspInit
 .text.NMI_Handler
                0x0000000008001370        0x6 ./Core/Src/stm32f1xx_it.o
                0x0000000008001370                NMI_Handler
 .text.HardFault_Handler
                0x0000000008001376        0x6 ./Core/Src/stm32f1xx_it.o
                0x0000000008001376                HardFault_Handler
 .text.MemManage_Handler
                0x000000000800137c        0x6 ./Core/Src/stm32f1xx_it.o
                0x000000000800137c                MemManage_Handler
 .text.BusFault_Handler
                0x0000000008001382        0x6 ./Core/Src/stm32f1xx_it.o
                0x0000000008001382                BusFault_Handler
 .text.UsageFault_Handler
                0x0000000008001388        0x6 ./Core/Src/stm32f1xx_it.o
                0x0000000008001388                UsageFault_Handler
 .text.SVC_Handler
                0x000000000800138e        0xc ./Core/Src/stm32f1xx_it.o
                0x000000000800138e                SVC_Handler
 .text.DebugMon_Handler
                0x000000000800139a        0xc ./Core/Src/stm32f1xx_it.o
                0x000000000800139a                DebugMon_Handler
 .text.PendSV_Handler
                0x00000000080013a6        0xc ./Core/Src/stm32f1xx_it.o
                0x00000000080013a6                PendSV_Handler
 .text.SysTick_Handler
                0x00000000080013b2        0xc ./Core/Src/stm32f1xx_it.o
                0x00000000080013b2                SysTick_Handler
 *fill*         0x00000000080013be        0x2 
 .text.TIM2_IRQHandler
                0x00000000080013c0       0x14 ./Core/Src/stm32f1xx_it.o
                0x00000000080013c0                TIM2_IRQHandler
 .text.TIM3_IRQHandler
                0x00000000080013d4       0x14 ./Core/Src/stm32f1xx_it.o
                0x00000000080013d4                TIM3_IRQHandler
 .text.USART2_IRQHandler
                0x00000000080013e8       0x14 ./Core/Src/stm32f1xx_it.o
                0x00000000080013e8                USART2_IRQHandler
 .text._sbrk    0x00000000080013fc       0x6c ./Core/Src/sysmem.o
                0x00000000080013fc                _sbrk
 .text.SystemInit
                0x0000000008001468        0xc ./Core/Src/system_stm32f1xx.o
                0x0000000008001468                SystemInit
 .text.Reset_Handler
                0x0000000008001474       0x48 ./Core/Startup/startup_stm32f103rbtx.o
                0x0000000008001474                Reset_Handler
 .text.Default_Handler
                0x00000000080014bc        0x2 ./Core/Startup/startup_stm32f103rbtx.o
                0x00000000080014bc                RTC_Alarm_IRQHandler
                0x00000000080014bc                EXTI2_IRQHandler
                0x00000000080014bc                TIM1_CC_IRQHandler
                0x00000000080014bc                PVD_IRQHandler
                0x00000000080014bc                EXTI3_IRQHandler
                0x00000000080014bc                EXTI0_IRQHandler
                0x00000000080014bc                I2C2_EV_IRQHandler
                0x00000000080014bc                ADC1_2_IRQHandler
                0x00000000080014bc                SPI1_IRQHandler
                0x00000000080014bc                TAMPER_IRQHandler
                0x00000000080014bc                DMA1_Channel4_IRQHandler
                0x00000000080014bc                USART3_IRQHandler
                0x00000000080014bc                RTC_IRQHandler
                0x00000000080014bc                DMA1_Channel7_IRQHandler
                0x00000000080014bc                CAN1_RX1_IRQHandler
                0x00000000080014bc                TIM4_IRQHandler
                0x00000000080014bc                I2C1_EV_IRQHandler
                0x00000000080014bc                DMA1_Channel6_IRQHandler
                0x00000000080014bc                RCC_IRQHandler
                0x00000000080014bc                TIM1_TRG_COM_IRQHandler
                0x00000000080014bc                DMA1_Channel1_IRQHandler
                0x00000000080014bc                Default_Handler
                0x00000000080014bc                EXTI15_10_IRQHandler
                0x00000000080014bc                EXTI9_5_IRQHandler
                0x00000000080014bc                SPI2_IRQHandler
                0x00000000080014bc                DMA1_Channel5_IRQHandler
                0x00000000080014bc                EXTI4_IRQHandler
                0x00000000080014bc                USB_LP_CAN1_RX0_IRQHandler
                0x00000000080014bc                USB_HP_CAN1_TX_IRQHandler
                0x00000000080014bc                DMA1_Channel3_IRQHandler
                0x00000000080014bc                TIM1_UP_IRQHandler
                0x00000000080014bc                WWDG_IRQHandler
                0x00000000080014bc                TIM1_BRK_IRQHandler
                0x00000000080014bc                EXTI1_IRQHandler
                0x00000000080014bc                I2C2_ER_IRQHandler
                0x00000000080014bc                DMA1_Channel2_IRQHandler
                0x00000000080014bc                CAN1_SCE_IRQHandler
                0x00000000080014bc                FLASH_IRQHandler
                0x00000000080014bc                USART1_IRQHandler
                0x00000000080014bc                I2C1_ER_IRQHandler
                0x00000000080014bc                USBWakeUp_IRQHandler
 *fill*         0x00000000080014be        0x2 
 .text.HAL_Init
                0x00000000080014c0       0x2c ./Drivers/STM32F1xx_HAL_Driver/Src/stm32f1xx_hal.o
                0x00000000080014c0                HAL_Init
 .text.HAL_InitTick
                0x00000000080014ec       0x60 ./Drivers/STM32F1xx_HAL_Driver/Src/stm32f1xx_hal.o
                0x00000000080014ec                HAL_InitTick
 .text.HAL_IncTick
                0x000000000800154c       0x24 ./Drivers/STM32F1xx_HAL_Driver/Src/stm32f1xx_hal.o
                0x000000000800154c                HAL_IncTick
 .text.HAL_GetTick
                0x0000000008001570       0x14 ./Drivers/STM32F1xx_HAL_Driver/Src/stm32f1xx_hal.o
                0x0000000008001570                HAL_GetTick
 .text.__NVIC_SetPriorityGrouping
                0x0000000008001584       0x48 ./Drivers/STM32F1xx_HAL_Driver/Src/stm32f1xx_hal_cortex.o
 .text.__NVIC_GetPriorityGrouping
                0x00000000080015cc       0x1c ./Drivers/STM32F1xx_HAL_Driver/Src/stm32f1xx_hal_cortex.o
 .text.__NVIC_EnableIRQ
                0x00000000080015e8       0x38 ./Drivers/STM32F1xx_HAL_Driver/Src/stm32f1xx_hal_cortex.o
 .text.__NVIC_SetPriority
                0x0000000008001620       0x54 ./Drivers/STM32F1xx_HAL_Driver/Src/stm32f1xx_hal_cortex.o
 .text.NVIC_EncodePriority
                0x0000000008001674       0x64 ./Drivers/STM32F1xx_HAL_Driver/Src/stm32f1xx_hal_cortex.o
 .text.SysTick_Config
                0x00000000080016d8       0x44 ./Drivers/STM32F1xx_HAL_Driver/Src/stm32f1xx_hal_cortex.o
 .text.HAL_NVIC_SetPriorityGrouping
                0x000000000800171c       0x16 ./Drivers/STM32F1xx_HAL_Driver/Src/stm32f1xx_hal_cortex.o
                0x000000000800171c                HAL_NVIC_SetPriorityGrouping
 .text.HAL_NVIC_SetPriority
                0x0000000008001732       0x38 ./Drivers/STM32F1xx_HAL_Driver/Src/stm32f1xx_hal_cortex.o
                0x0000000008001732                HAL_NVIC_SetPriority
 .text.HAL_NVIC_EnableIRQ
                0x000000000800176a       0x1c ./Drivers/STM32F1xx_HAL_Driver/Src/stm32f1xx_hal_cortex.o
                0x000000000800176a                HAL_NVIC_EnableIRQ
 .text.HAL_SYSTICK_Config
                0x0000000008001786       0x18 ./Drivers/STM32F1xx_HAL_Driver/Src/stm32f1xx_hal_cortex.o
                0x0000000008001786                HAL_SYSTICK_Config
 .text.HAL_DMA_Abort
                0x000000000800179e       0x74 ./Drivers/STM32F1xx_HAL_Driver/Src/stm32f1xx_hal_dma.o
                0x000000000800179e                HAL_DMA_Abort
 *fill*         0x0000000008001812        0x2 
 .text.HAL_DMA_Abort_IT
                0x0000000008001814       0xec ./Drivers/STM32F1xx_HAL_Driver/Src/stm32f1xx_hal_dma.o
                0x0000000008001814                HAL_DMA_Abort_IT
 .text.HAL_GPIO_Init
                0x0000000008001900      0x308 ./Drivers/STM32F1xx_HAL_Driver/Src/stm32f1xx_hal_gpio.o
                0x0000000008001900                HAL_GPIO_Init
 .text.HAL_GPIO_ReadPin
                0x0000000008001c08       0x2e ./Drivers/STM32F1xx_HAL_Driver/Src/stm32f1xx_hal_gpio.o
                0x0000000008001c08                HAL_GPIO_ReadPin
 .text.HAL_GPIO_WritePin
                0x0000000008001c36       0x30 ./Drivers/STM32F1xx_HAL_Driver/Src/stm32f1xx_hal_gpio.o
                0x0000000008001c36                HAL_GPIO_WritePin
 *fill*         0x0000000008001c66        0x2 
 .text.HAL_RCC_OscConfig
                0x0000000008001c68      0x504 ./Drivers/STM32F1xx_HAL_Driver/Src/stm32f1xx_hal_rcc.o
                0x0000000008001c68                HAL_RCC_OscConfig
 .text.HAL_RCC_ClockConfig
                0x000000000800216c      0x1d4 ./Drivers/STM32F1xx_HAL_Driver/Src/stm32f1xx_hal_rcc.o
                0x000000000800216c                HAL_RCC_ClockConfig
 .text.HAL_RCC_GetSysClockFreq
                0x0000000008002340       0xbc ./Drivers/STM32F1xx_HAL_Driver/Src/stm32f1xx_hal_rcc.o
                0x0000000008002340                HAL_RCC_GetSysClockFreq
 .text.HAL_RCC_GetHCLKFreq
                0x00000000080023fc       0x14 ./Drivers/STM32F1xx_HAL_Driver/Src/stm32f1xx_hal_rcc.o
                0x00000000080023fc                HAL_RCC_GetHCLKFreq
 .text.HAL_RCC_GetPCLK1Freq
                0x0000000008002410       0x28 ./Drivers/STM32F1xx_HAL_Driver/Src/stm32f1xx_hal_rcc.o
                0x0000000008002410                HAL_RCC_GetPCLK1Freq
 .text.HAL_RCC_GetPCLK2Freq
                0x0000000008002438       0x28 ./Drivers/STM32F1xx_HAL_Driver/Src/stm32f1xx_hal_rcc.o
                0x0000000008002438                HAL_RCC_GetPCLK2Freq
 .text.RCC_Delay
                0x0000000008002460       0x3c ./Drivers/STM32F1xx_HAL_Driver/Src/stm32f1xx_hal_rcc.o
 .text.HAL_TIM_Base_Init
                0x000000000800249c       0x9e ./Drivers/STM32F1xx_HAL_Driver/Src/stm32f1xx_hal_tim.o
                0x000000000800249c                HAL_TIM_Base_Init
 *fill*         0x000000000800253a        0x2 
 .text.HAL_TIM_Base_Start_IT
                0x000000000800253c       0xa4 ./Drivers/STM32F1xx_HAL_Driver/Src/stm32f1xx_hal_tim.o
                0x000000000800253c                HAL_TIM_Base_Start_IT
 .text.HAL_TIM_PWM_Init
                0x00000000080025e0       0x9e ./Drivers/STM32F1xx_HAL_Driver/Src/stm32f1xx_hal_tim.o
                0x00000000080025e0                HAL_TIM_PWM_Init
 .text.HAL_TIM_PWM_MspInit
                0x000000000800267e       0x12 ./Drivers/STM32F1xx_HAL_Driver/Src/stm32f1xx_hal_tim.o
                0x000000000800267e                HAL_TIM_PWM_MspInit
 .text.HAL_TIM_PWM_Start
                0x0000000008002690      0x144 ./Drivers/STM32F1xx_HAL_Driver/Src/stm32f1xx_hal_tim.o
                0x0000000008002690                HAL_TIM_PWM_Start
 .text.HAL_TIM_IRQHandler
                0x00000000080027d4      0x210 ./Drivers/STM32F1xx_HAL_Driver/Src/stm32f1xx_hal_tim.o
                0x00000000080027d4                HAL_TIM_IRQHandler
 .text.HAL_TIM_PWM_ConfigChannel
                0x00000000080029e4      0x17c ./Drivers/STM32F1xx_HAL_Driver/Src/stm32f1xx_hal_tim.o
                0x00000000080029e4                HAL_TIM_PWM_ConfigChannel
 .text.HAL_TIM_ConfigClockSource
                0x0000000008002b60      0x188 ./Drivers/STM32F1xx_HAL_Driver/Src/stm32f1xx_hal_tim.o
                0x0000000008002b60                HAL_TIM_ConfigClockSource
 .text.HAL_TIM_OC_DelayElapsedCallback
                0x0000000008002ce8       0x12 ./Drivers/STM32F1xx_HAL_Driver/Src/stm32f1xx_hal_tim.o
                0x0000000008002ce8                HAL_TIM_OC_DelayElapsedCallback
 .text.HAL_TIM_IC_CaptureCallback
                0x0000000008002cfa       0x12 ./Drivers/STM32F1xx_HAL_Driver/Src/stm32f1xx_hal_tim.o
                0x0000000008002cfa                HAL_TIM_IC_CaptureCallback
 .text.HAL_TIM_PWM_PulseFinishedCallback
                0x0000000008002d0c       0x12 ./Drivers/STM32F1xx_HAL_Driver/Src/stm32f1xx_hal_tim.o
                0x0000000008002d0c                HAL_TIM_PWM_PulseFinishedCallback
 .text.HAL_TIM_TriggerCallback
                0x0000000008002d1e       0x12 ./Drivers/STM32F1xx_HAL_Driver/Src/stm32f1xx_hal_tim.o
                0x0000000008002d1e                HAL_TIM_TriggerCallback
 .text.TIM_Base_SetConfig
                0x0000000008002d30       0xc4 ./Drivers/STM32F1xx_HAL_Driver/Src/stm32f1xx_hal_tim.o
                0x0000000008002d30                TIM_Base_SetConfig
 .text.TIM_OC1_SetConfig
                0x0000000008002df4       0xcc ./Drivers/STM32F1xx_HAL_Driver/Src/stm32f1xx_hal_tim.o
 .text.TIM_OC2_SetConfig
                0x0000000008002ec0       0xd4 ./Drivers/STM32F1xx_HAL_Driver/Src/stm32f1xx_hal_tim.o
                0x0000000008002ec0                TIM_OC2_SetConfig
 .text.TIM_OC3_SetConfig
                0x0000000008002f94       0xd4 ./Drivers/STM32F1xx_HAL_Driver/Src/stm32f1xx_hal_tim.o
 .text.TIM_OC4_SetConfig
                0x0000000008003068       0x9c ./Drivers/STM32F1xx_HAL_Driver/Src/stm32f1xx_hal_tim.o
 .text.TIM_TI1_ConfigInputStage
                0x0000000008003104       0x5c ./Drivers/STM32F1xx_HAL_Driver/Src/stm32f1xx_hal_tim.o
 .text.TIM_TI2_ConfigInputStage
                0x0000000008003160       0x5e ./Drivers/STM32F1xx_HAL_Driver/Src/stm32f1xx_hal_tim.o
 .text.TIM_ITRx_SetConfig
                0x00000000080031be       0x34 ./Drivers/STM32F1xx_HAL_Driver/Src/stm32f1xx_hal_tim.o
 .text.TIM_ETR_SetConfig
                0x00000000080031f2       0x3e ./Drivers/STM32F1xx_HAL_Driver/Src/stm32f1xx_hal_tim.o
                0x00000000080031f2                TIM_ETR_SetConfig
 .text.TIM_CCxChannelCmd
                0x0000000008003230       0x48 ./Drivers/STM32F1xx_HAL_Driver/Src/stm32f1xx_hal_tim.o
                0x0000000008003230                TIM_CCxChannelCmd
 .text.HAL_TIMEx_MasterConfigSynchronization
                0x0000000008003278       0xbc ./Drivers/STM32F1xx_HAL_Driver/Src/stm32f1xx_hal_tim_ex.o
                0x0000000008003278                HAL_TIMEx_MasterConfigSynchronization
 .text.HAL_TIMEx_CommutCallback
                0x0000000008003334       0x12 ./Drivers/STM32F1xx_HAL_Driver/Src/stm32f1xx_hal_tim_ex.o
                0x0000000008003334                HAL_TIMEx_CommutCallback
 .text.HAL_TIMEx_BreakCallback
                0x0000000008003346       0x12 ./Drivers/STM32F1xx_HAL_Driver/Src/stm32f1xx_hal_tim_ex.o
                0x0000000008003346                HAL_TIMEx_BreakCallback
 .text.HAL_UART_Init
                0x0000000008003358       0x9a ./Drivers/STM32F1xx_HAL_Driver/Src/stm32f1xx_hal_uart.o
                0x0000000008003358                HAL_UART_Init
 .text.HAL_UART_Transmit
                0x00000000080033f2      0x124 ./Drivers/STM32F1xx_HAL_Driver/Src/stm32f1xx_hal_uart.o
                0x00000000080033f2                HAL_UART_Transmit
 *fill*         0x0000000008003516        0x2 
 .text.HAL_UART_IRQHandler
                0x0000000008003518      0x354 ./Drivers/STM32F1xx_HAL_Driver/Src/stm32f1xx_hal_uart.o
                0x0000000008003518                HAL_UART_IRQHandler
 .text.HAL_UART_TxCpltCallback
                0x000000000800386c       0x12 ./Drivers/STM32F1xx_HAL_Driver/Src/stm32f1xx_hal_uart.o
                0x000000000800386c                HAL_UART_TxCpltCallback
 .text.HAL_UART_RxCpltCallback
                0x000000000800387e       0x12 ./Drivers/STM32F1xx_HAL_Driver/Src/stm32f1xx_hal_uart.o
                0x000000000800387e                HAL_UART_RxCpltCallback
 .text.HAL_UART_ErrorCallback
                0x0000000008003890       0x12 ./Drivers/STM32F1xx_HAL_Driver/Src/stm32f1xx_hal_uart.o
                0x0000000008003890                HAL_UART_ErrorCallback
 .text.HAL_UARTEx_RxEventCallback
                0x00000000080038a2       0x16 ./Drivers/STM32F1xx_HAL_Driver/Src/stm32f1xx_hal_uart.o
                0x00000000080038a2                HAL_UARTEx_RxEventCallback
 .text.UART_WaitOnFlagUntilTimeout
                0x00000000080038b8       0x94 ./Drivers/STM32F1xx_HAL_Driver/Src/stm32f1xx_hal_uart.o
 .text.UART_EndRxTransfer
                0x000000000800394c       0x58 ./Drivers/STM32F1xx_HAL_Driver/Src/stm32f1xx_hal_uart.o
 .text.UART_DMAAbortOnError
                0x00000000080039a4       0x28 ./Drivers/STM32F1xx_HAL_Driver/Src/stm32f1xx_hal_uart.o
 .text.UART_Transmit_IT
                0x00000000080039cc       0x9e ./Drivers/STM32F1xx_HAL_Driver/Src/stm32f1xx_hal_uart.o
 .text.UART_EndTransmit_IT
                0x0000000008003a6a       0x30 ./Drivers/STM32F1xx_HAL_Driver/Src/stm32f1xx_hal_uart.o
 .text.UART_Receive_IT
                0x0000000008003a9a      0x152 ./Drivers/STM32F1xx_HAL_Driver/Src/stm32f1xx_hal_uart.o
 .text.UART_SetConfig
                0x0000000008003bec      0x11c ./Drivers/STM32F1xx_HAL_Driver/Src/stm32f1xx_hal_uart.o
 .text.__errno  0x0000000008003d08        0xc f:/stm32_ide/stm32cubeide_1.10.1/stm32cubeide/plugins/com.st.stm32cube.ide.mcu.externaltools.gnu-tools-for-stm32.10.3-2021.10.win32_1.0.0.202111181127/tools/bin/../lib/gcc/arm-none-eabi/10.3.1/../../../../arm-none-eabi/lib/thumb/v7-m/nofp\libc_nano.a(lib_a-errno.o)
                0x0000000008003d08                __errno
 .text.__libc_init_array
                0x0000000008003d14       0x48 f:/stm32_ide/stm32cubeide_1.10.1/stm32cubeide/plugins/com.st.stm32cube.ide.mcu.externaltools.gnu-tools-for-stm32.10.3-2021.10.win32_1.0.0.202111181127/tools/bin/../lib/gcc/arm-none-eabi/10.3.1/../../../../arm-none-eabi/lib/thumb/v7-m/nofp\libc_nano.a(lib_a-init.o)
                0x0000000008003d14                __libc_init_array
 .text.memset   0x0000000008003d5c       0x10 f:/stm32_ide/stm32cubeide_1.10.1/stm32cubeide/plugins/com.st.stm32cube.ide.mcu.externaltools.gnu-tools-for-stm32.10.3-2021.10.win32_1.0.0.202111181127/tools/bin/../lib/gcc/arm-none-eabi/10.3.1/../../../../arm-none-eabi/lib/thumb/v7-m/nofp\libc_nano.a(lib_a-memset.o)
                0x0000000008003d5c                memset
 .text.sprintf  0x0000000008003d6c       0x40 f:/stm32_ide/stm32cubeide_1.10.1/stm32cubeide/plugins/com.st.stm32cube.ide.mcu.externaltools.gnu-tools-for-stm32.10.3-2021.10.win32_1.0.0.202111181127/tools/bin/../lib/gcc/arm-none-eabi/10.3.1/../../../../arm-none-eabi/lib/thumb/v7-m/nofp\libc_nano.a(lib_a-sprintf.o)
                0x0000000008003d6c                siprintf
                0x0000000008003d6c                sprintf
 .text.__ssputs_r
                0x0000000008003dac       0xb6 f:/stm32_ide/stm32cubeide_1.10.1/stm32cubeide/plugins/com.st.stm32cube.ide.mcu.externaltools.gnu-tools-for-stm32.10.3-2021.10.win32_1.0.0.202111181127/tools/bin/../lib/gcc/arm-none-eabi/10.3.1/../../../../arm-none-eabi/lib/thumb/v7-m/nofp\libc_nano.a(lib_a-nano-svfprintf.o)
                0x0000000008003dac                __ssputs_r
 *fill*         0x0000000008003e62        0x2 
 .text._svfprintf_r
                0x0000000008003e64      0x200 f:/stm32_ide/stm32cubeide_1.10.1/stm32cubeide/plugins/com.st.stm32cube.ide.mcu.externaltools.gnu-tools-for-stm32.10.3-2021.10.win32_1.0.0.202111181127/tools/bin/../lib/gcc/arm-none-eabi/10.3.1/../../../../arm-none-eabi/lib/thumb/v7-m/nofp\libc_nano.a(lib_a-nano-svfprintf.o)
                0x0000000008003e64                _svfiprintf_r
                0x0000000008003e64                _svfprintf_r
 .text._printf_common
                0x0000000008004064       0xde f:/stm32_ide/stm32cubeide_1.10.1/stm32cubeide/plugins/com.st.stm32cube.ide.mcu.externaltools.gnu-tools-for-stm32.10.3-2021.10.win32_1.0.0.202111181127/tools/bin/../lib/gcc/arm-none-eabi/10.3.1/../../../../arm-none-eabi/lib/thumb/v7-m/nofp\libc_nano.a(lib_a-nano-vfprintf_i.o)
                0x0000000008004064                _printf_common
 *fill*         0x0000000008004142        0x2 
 .text._printf_i
                0x0000000008004144      0x24c f:/stm32_ide/stm32cubeide_1.10.1/stm32cubeide/plugins/com.st.stm32cube.ide.mcu.externaltools.gnu-tools-for-stm32.10.3-2021.10.win32_1.0.0.202111181127/tools/bin/../lib/gcc/arm-none-eabi/10.3.1/../../../../arm-none-eabi/lib/thumb/v7-m/nofp\libc_nano.a(lib_a-nano-vfprintf_i.o)
                0x0000000008004144                _printf_i
 .text.memchr   0x0000000008004390       0x1c f:/stm32_ide/stm32cubeide_1.10.1/stm32cubeide/plugins/com.st.stm32cube.ide.mcu.externaltools.gnu-tools-for-stm32.10.3-2021.10.win32_1.0.0.202111181127/tools/bin/../lib/gcc/arm-none-eabi/10.3.1/../../../../arm-none-eabi/lib/thumb/v7-m/nofp\libc_nano.a(lib_a-memchr-stub.o)
                0x0000000008004390                memchr
 .text.memcpy   0x00000000080043ac       0x1c f:/stm32_ide/stm32cubeide_1.10.1/stm32cubeide/plugins/com.st.stm32cube.ide.mcu.externaltools.gnu-tools-for-stm32.10.3-2021.10.win32_1.0.0.202111181127/tools/bin/../lib/gcc/arm-none-eabi/10.3.1/../../../../arm-none-eabi/lib/thumb/v7-m/nofp\libc_nano.a(lib_a-memcpy-stub.o)
                0x00000000080043ac                memcpy
 .text.memmove  0x00000000080043c8       0x34 f:/stm32_ide/stm32cubeide_1.10.1/stm32cubeide/plugins/com.st.stm32cube.ide.mcu.externaltools.gnu-tools-for-stm32.10.3-2021.10.win32_1.0.0.202111181127/tools/bin/../lib/gcc/arm-none-eabi/10.3.1/../../../../arm-none-eabi/lib/thumb/v7-m/nofp\libc_nano.a(lib_a-memmove.o)
                0x00000000080043c8                memmove
 .text._free_r  0x00000000080043fc       0x90 f:/stm32_ide/stm32cubeide_1.10.1/stm32cubeide/plugins/com.st.stm32cube.ide.mcu.externaltools.gnu-tools-for-stm32.10.3-2021.10.win32_1.0.0.202111181127/tools/bin/../lib/gcc/arm-none-eabi/10.3.1/../../../../arm-none-eabi/lib/thumb/v7-m/nofp\libc_nano.a(lib_a-nano-freer.o)
                0x00000000080043fc                _free_r
 .text.sbrk_aligned
                0x000000000800448c       0x40 f:/stm32_ide/stm32cubeide_1.10.1/stm32cubeide/plugins/com.st.stm32cube.ide.mcu.externaltools.gnu-tools-for-stm32.10.3-2021.10.win32_1.0.0.202111181127/tools/bin/../lib/gcc/arm-none-eabi/10.3.1/../../../../arm-none-eabi/lib/thumb/v7-m/nofp\libc_nano.a(lib_a-nano-mallocr.o)
 .text._malloc_r
                0x00000000080044cc       0xe8 f:/stm32_ide/stm32cubeide_1.10.1/stm32cubeide/plugins/com.st.stm32cube.ide.mcu.externaltools.gnu-tools-for-stm32.10.3-2021.10.win32_1.0.0.202111181127/tools/bin/../lib/gcc/arm-none-eabi/10.3.1/../../../../arm-none-eabi/lib/thumb/v7-m/nofp\libc_nano.a(lib_a-nano-mallocr.o)
                0x00000000080044cc                _malloc_r
 .text._realloc_r
                0x00000000080045b4       0x5e f:/stm32_ide/stm32cubeide_1.10.1/stm32cubeide/plugins/com.st.stm32cube.ide.mcu.externaltools.gnu-tools-for-stm32.10.3-2021.10.win32_1.0.0.202111181127/tools/bin/../lib/gcc/arm-none-eabi/10.3.1/../../../../arm-none-eabi/lib/thumb/v7-m/nofp\libc_nano.a(lib_a-nano-reallocr.o)
                0x00000000080045b4                _realloc_r
 *fill*         0x0000000008004612        0x2 
 .text._sbrk_r  0x0000000008004614       0x20 f:/stm32_ide/stm32cubeide_1.10.1/stm32cubeide/plugins/com.st.stm32cube.ide.mcu.externaltools.gnu-tools-for-stm32.10.3-2021.10.win32_1.0.0.202111181127/tools/bin/../lib/gcc/arm-none-eabi/10.3.1/../../../../arm-none-eabi/lib/thumb/v7-m/nofp\libc_nano.a(lib_a-sbrkr.o)
                0x0000000008004614                _sbrk_r
 .text.__malloc_lock
                0x0000000008004634        0xc f:/stm32_ide/stm32cubeide_1.10.1/stm32cubeide/plugins/com.st.stm32cube.ide.mcu.externaltools.gnu-tools-for-stm32.10.3-2021.10.win32_1.0.0.202111181127/tools/bin/../lib/gcc/arm-none-eabi/10.3.1/../../../../arm-none-eabi/lib/thumb/v7-m/nofp\libc_nano.a(lib_a-mlock.o)
                0x0000000008004634                __malloc_lock
 .text.__malloc_unlock
                0x0000000008004640        0xc f:/stm32_ide/stm32cubeide_1.10.1/stm32cubeide/plugins/com.st.stm32cube.ide.mcu.externaltools.gnu-tools-for-stm32.10.3-2021.10.win32_1.0.0.202111181127/tools/bin/../lib/gcc/arm-none-eabi/10.3.1/../../../../arm-none-eabi/lib/thumb/v7-m/nofp\libc_nano.a(lib_a-mlock.o)
                0x0000000008004640                __malloc_unlock
 .text._malloc_usable_size_r
                0x000000000800464c       0x10 f:/stm32_ide/stm32cubeide_1.10.1/stm32cubeide/plugins/com.st.stm32cube.ide.mcu.externaltools.gnu-tools-for-stm32.10.3-2021.10.win32_1.0.0.202111181127/tools/bin/../lib/gcc/arm-none-eabi/10.3.1/../../../../arm-none-eabi/lib/thumb/v7-m/nofp\libc_nano.a(lib_a-nano-msizer.o)
                0x000000000800464c                _malloc_usable_size_r
 .text.__retarget_lock_acquire_recursive
                0x000000000800465c        0x2 f:/stm32_ide/stm32cubeide_1.10.1/stm32cubeide/plugins/com.st.stm32cube.ide.mcu.externaltools.gnu-tools-for-stm32.10.3-2021.10.win32_1.0.0.202111181127/tools/bin/../lib/gcc/arm-none-eabi/10.3.1/../../../../arm-none-eabi/lib/thumb/v7-m/nofp\libc_nano.a(lib_a-lock.o)
                0x000000000800465c                __retarget_lock_acquire_recursive
 .text.__retarget_lock_release_recursive
                0x000000000800465e        0x2 f:/stm32_ide/stm32cubeide_1.10.1/stm32cubeide/plugins/com.st.stm32cube.ide.mcu.externaltools.gnu-tools-for-stm32.10.3-2021.10.win32_1.0.0.202111181127/tools/bin/../lib/gcc/arm-none-eabi/10.3.1/../../../../arm-none-eabi/lib/thumb/v7-m/nofp\libc_nano.a(lib_a-lock.o)
                0x000000000800465e                __retarget_lock_release_recursive
 *(.glue_7)
 .glue_7        0x0000000008004660        0x0 linker stubs
 *(.glue_7t)
 .glue_7t       0x0000000008004660        0x0 linker stubs
 *(.eh_frame)
 .eh_frame      0x0000000008004660        0x0 f:/stm32_ide/stm32cubeide_1.10.1/stm32cubeide/plugins/com.st.stm32cube.ide.mcu.externaltools.gnu-tools-for-stm32.10.3-2021.10.win32_1.0.0.202111181127/tools/bin/../lib/gcc/arm-none-eabi/10.3.1/thumb/v7-m/nofp/crtbegin.o
 *(.init)
 .init          0x0000000008004660        0x4 f:/stm32_ide/stm32cubeide_1.10.1/stm32cubeide/plugins/com.st.stm32cube.ide.mcu.externaltools.gnu-tools-for-stm32.10.3-2021.10.win32_1.0.0.202111181127/tools/bin/../lib/gcc/arm-none-eabi/10.3.1/thumb/v7-m/nofp/crti.o
                0x0000000008004660                _init
 .init          0x0000000008004664        0x8 f:/stm32_ide/stm32cubeide_1.10.1/stm32cubeide/plugins/com.st.stm32cube.ide.mcu.externaltools.gnu-tools-for-stm32.10.3-2021.10.win32_1.0.0.202111181127/tools/bin/../lib/gcc/arm-none-eabi/10.3.1/thumb/v7-m/nofp/crtn.o
 *(.fini)
 .fini          0x000000000800466c        0x4 f:/stm32_ide/stm32cubeide_1.10.1/stm32cubeide/plugins/com.st.stm32cube.ide.mcu.externaltools.gnu-tools-for-stm32.10.3-2021.10.win32_1.0.0.202111181127/tools/bin/../lib/gcc/arm-none-eabi/10.3.1/thumb/v7-m/nofp/crti.o
                0x000000000800466c                _fini
 .fini          0x0000000008004670        0x8 f:/stm32_ide/stm32cubeide_1.10.1/stm32cubeide/plugins/com.st.stm32cube.ide.mcu.externaltools.gnu-tools-for-stm32.10.3-2021.10.win32_1.0.0.202111181127/tools/bin/../lib/gcc/arm-none-eabi/10.3.1/thumb/v7-m/nofp/crtn.o
                0x0000000008004678                . = ALIGN (0x4)
                0x0000000008004678                _etext = .

.vfp11_veneer   0x0000000008004678        0x0
 .vfp11_veneer  0x0000000008004678        0x0 linker stubs

.v4_bx          0x0000000008004678        0x0
 .v4_bx         0x0000000008004678        0x0 linker stubs

.iplt           0x0000000008004678        0x0
 .iplt          0x0000000008004678        0x0 f:/stm32_ide/stm32cubeide_1.10.1/stm32cubeide/plugins/com.st.stm32cube.ide.mcu.externaltools.gnu-tools-for-stm32.10.3-2021.10.win32_1.0.0.202111181127/tools/bin/../lib/gcc/arm-none-eabi/10.3.1/thumb/v7-m/nofp/crtbegin.o

.rodata         0x0000000008004678       0x78
                0x0000000008004678                . = ALIGN (0x4)
 *(.rodata)
 .rodata        0x0000000008004678       0x1a ./Core/Src/main.o
 *fill*         0x0000000008004692        0x2 
 .rodata        0x0000000008004694       0x10 ./Drivers/STM32F1xx_HAL_Driver/Src/stm32f1xx_hal_rcc.o
 *(.rodata*)
 .rodata.AHBPrescTable
                0x00000000080046a4       0x10 ./Core/Src/system_stm32f1xx.o
                0x00000000080046a4                AHBPrescTable
 .rodata.APBPrescTable
                0x00000000080046b4        0x8 ./Core/Src/system_stm32f1xx.o
                0x00000000080046b4                APBPrescTable
 .rodata._svfprintf_r.str1.1
                0x00000000080046bc       0x11 f:/stm32_ide/stm32cubeide_1.10.1/stm32cubeide/plugins/com.st.stm32cube.ide.mcu.externaltools.gnu-tools-for-stm32.10.3-2021.10.win32_1.0.0.202111181127/tools/bin/../lib/gcc/arm-none-eabi/10.3.1/../../../../arm-none-eabi/lib/thumb/v7-m/nofp\libc_nano.a(lib_a-nano-svfprintf.o)
 .rodata._printf_i.str1.1
                0x00000000080046cd       0x22 f:/stm32_ide/stm32cubeide_1.10.1/stm32cubeide/plugins/com.st.stm32cube.ide.mcu.externaltools.gnu-tools-for-stm32.10.3-2021.10.win32_1.0.0.202111181127/tools/bin/../lib/gcc/arm-none-eabi/10.3.1/../../../../arm-none-eabi/lib/thumb/v7-m/nofp\libc_nano.a(lib_a-nano-vfprintf_i.o)
                0x00000000080046f0                . = ALIGN (0x4)
 *fill*         0x00000000080046ef        0x1 

.rel.dyn        0x00000000080046f0        0x0
 .rel.iplt      0x00000000080046f0        0x0 f:/stm32_ide/stm32cubeide_1.10.1/stm32cubeide/plugins/com.st.stm32cube.ide.mcu.externaltools.gnu-tools-for-stm32.10.3-2021.10.win32_1.0.0.202111181127/tools/bin/../lib/gcc/arm-none-eabi/10.3.1/thumb/v7-m/nofp/crtbegin.o

.ARM.extab      0x00000000080046f0        0x0
                0x00000000080046f0                . = ALIGN (0x4)
 *(.ARM.extab* .gnu.linkonce.armextab.*)
                0x00000000080046f0                . = ALIGN (0x4)

.ARM            0x00000000080046f0        0x0
                0x00000000080046f0                . = ALIGN (0x4)
                0x00000000080046f0                __exidx_start = .
 *(.ARM.exidx*)
                0x00000000080046f0                __exidx_end = .
                0x00000000080046f0                . = ALIGN (0x4)

.preinit_array  0x00000000080046f0        0x0
                0x00000000080046f0                . = ALIGN (0x4)
                0x00000000080046f0                PROVIDE (__preinit_array_start = .)
 *(.preinit_array*)
                0x00000000080046f0                PROVIDE (__preinit_array_end = .)
                0x00000000080046f0                . = ALIGN (0x4)

.init_array     0x00000000080046f0        0x4
                0x00000000080046f0                . = ALIGN (0x4)
                0x00000000080046f0                PROVIDE (__init_array_start = .)
 *(SORT_BY_NAME(.init_array.*))
 *(.init_array*)
 .init_array    0x00000000080046f0        0x4 f:/stm32_ide/stm32cubeide_1.10.1/stm32cubeide/plugins/com.st.stm32cube.ide.mcu.externaltools.gnu-tools-for-stm32.10.3-2021.10.win32_1.0.0.202111181127/tools/bin/../lib/gcc/arm-none-eabi/10.3.1/thumb/v7-m/nofp/crtbegin.o
                0x00000000080046f4                PROVIDE (__init_array_end = .)
                0x00000000080046f4                . = ALIGN (0x4)

.fini_array     0x00000000080046f4        0x4
                0x00000000080046f4                . = ALIGN (0x4)
                [!provide]                        PROVIDE (__fini_array_start = .)
 *(SORT_BY_NAME(.fini_array.*))
 *(.fini_array*)
 .fini_array    0x00000000080046f4        0x4 f:/stm32_ide/stm32cubeide_1.10.1/stm32cubeide/plugins/com.st.stm32cube.ide.mcu.externaltools.gnu-tools-for-stm32.10.3-2021.10.win32_1.0.0.202111181127/tools/bin/../lib/gcc/arm-none-eabi/10.3.1/thumb/v7-m/nofp/crtbegin.o
                [!provide]                        PROVIDE (__fini_array_end = .)
                0x00000000080046f8                . = ALIGN (0x4)
                0x00000000080046f8                _sidata = LOADADDR (.data)

.data           0x0000000020000000       0x90 load address 0x00000000080046f8
                0x0000000020000000                . = ALIGN (0x4)
                0x0000000020000000                _sdata = .
 *(.data)
 *(.data*)
 .data.TIME_RED
                0x0000000020000000        0x1 ./Core/Src/global.o
                0x0000000020000000                TIME_RED
 .data.TIME_AMBER
                0x0000000020000001        0x1 ./Core/Src/global.o
                0x0000000020000001                TIME_AMBER
 .data.TIME_GREEN
                0x0000000020000002        0x1 ./Core/Src/global.o
                0x0000000020000002                TIME_GREEN
 *fill*         0x0000000020000003        0x1 
 .data.buttonPin
                0x0000000020000004        0x8 ./Core/Src/input_reading.o
                0x0000000020000004                buttonPin
 .data.buttonPort
                0x000000002000000c       0x10 ./Core/Src/input_reading.o
                0x000000002000000c                buttonPort
 .data.buttonBuffer
                0x000000002000001c        0x4 ./Core/Src/input_reading.o
 .data.SystemCoreClock
                0x0000000020000020        0x4 ./Core/Src/system_stm32f1xx.o
                0x0000000020000020                SystemCoreClock
 .data.uwTickPrio
                0x0000000020000024        0x4 ./Drivers/STM32F1xx_HAL_Driver/Src/stm32f1xx_hal.o
                0x0000000020000024                uwTickPrio
 .data.uwTickFreq
                0x0000000020000028        0x1 ./Drivers/STM32F1xx_HAL_Driver/Src/stm32f1xx_hal.o
                0x0000000020000028                uwTickFreq
 *fill*         0x0000000020000029        0x3 
 .data._impure_ptr
                0x000000002000002c        0x4 f:/stm32_ide/stm32cubeide_1.10.1/stm32cubeide/plugins/com.st.stm32cube.ide.mcu.externaltools.gnu-tools-for-stm32.10.3-2021.10.win32_1.0.0.202111181127/tools/bin/../lib/gcc/arm-none-eabi/10.3.1/../../../../arm-none-eabi/lib/thumb/v7-m/nofp\libc_nano.a(lib_a-impure.o)
                0x000000002000002c                _impure_ptr
 .data.impure_data
                0x0000000020000030       0x60 f:/stm32_ide/stm32cubeide_1.10.1/stm32cubeide/plugins/com.st.stm32cube.ide.mcu.externaltools.gnu-tools-for-stm32.10.3-2021.10.win32_1.0.0.202111181127/tools/bin/../lib/gcc/arm-none-eabi/10.3.1/../../../../arm-none-eabi/lib/thumb/v7-m/nofp\libc_nano.a(lib_a-impure.o)
 *(.RamFunc)
 *(.RamFunc*)
                0x0000000020000090                . = ALIGN (0x4)
                0x0000000020000090                _edata = .

.igot.plt       0x0000000020000090        0x0 load address 0x0000000008004788
 .igot.plt      0x0000000020000090        0x0 f:/stm32_ide/stm32cubeide_1.10.1/stm32cubeide/plugins/com.st.stm32cube.ide.mcu.externaltools.gnu-tools-for-stm32.10.3-2021.10.win32_1.0.0.202111181127/tools/bin/../lib/gcc/arm-none-eabi/10.3.1/thumb/v7-m/nofp/crtbegin.o
                0x0000000020000090                . = ALIGN (0x4)

.bss            0x0000000020000090      0x48c load address 0x0000000008004788
                0x0000000020000090                _sbss = .
                0x0000000020000090                __bss_start__ = _sbss
 *(.bss)
 .bss           0x0000000020000090       0x1c f:/stm32_ide/stm32cubeide_1.10.1/stm32cubeide/plugins/com.st.stm32cube.ide.mcu.externaltools.gnu-tools-for-stm32.10.3-2021.10.win32_1.0.0.202111181127/tools/bin/../lib/gcc/arm-none-eabi/10.3.1/thumb/v7-m/nofp/crtbegin.o
 *(.bss*)
 .bss.mode_manual_1
                0x00000000200000ac        0x1 ./Core/Src/fsm.o
                0x00000000200000ac                mode_manual_1
 .bss.mode_manual_2
                0x00000000200000ad        0x1 ./Core/Src/fsm.o
                0x00000000200000ad                mode_manual_2
 .bss.mode_auto_1
                0x00000000200000ae        0x1 ./Core/Src/fsm.o
                0x00000000200000ae                mode_auto_1
 .bss.mode_auto_2
                0x00000000200000af        0x1 ./Core/Src/fsm.o
                0x00000000200000af                mode_auto_2
 .bss.mode      0x00000000200000b0        0x1 ./Core/Src/fsm.o
                0x00000000200000b0                mode
 .bss.time_1    0x00000000200000b1        0x1 ./Core/Src/fsm.o
                0x00000000200000b1                time_1
 .bss.time_2    0x00000000200000b2        0x1 ./Core/Src/fsm.o
                0x00000000200000b2                time_2
 .bss.index_task_temp_1
                0x00000000200000b3        0x1 ./Core/Src/fsm.o
                0x00000000200000b3                index_task_temp_1
 .bss.index_task_temp_2
                0x00000000200000b4        0x1 ./Core/Src/fsm.o
                0x00000000200000b4                index_task_temp_2
 .bss.is_P_Light_On
                0x00000000200000b5        0x1 ./Core/Src/fsm.o
                0x00000000200000b5                is_P_Light_On
 .bss.BUZZER_VOLUME
                0x00000000200000b6        0x1 ./Core/Src/global.o
                0x00000000200000b6                BUZZER_VOLUME
 *fill*         0x00000000200000b7        0x1 
 .bss.UART_BUFFER
                0x00000000200000b8        0x2 ./Core/Src/global.o
                0x00000000200000b8                UART_BUFFER
 *fill*         0x00000000200000ba        0x2 
 .bss.debounceButtonBuffer1
                0x00000000200000bc        0x4 ./Core/Src/input_reading.o
 .bss.debounceButtonBuffer2
                0x00000000200000c0        0x4 ./Core/Src/input_reading.o
 .bss.flagForButtonPress
                0x00000000200000c4        0x4 ./Core/Src/input_reading.o
 .bss.flagForButtonPress1s
                0x00000000200000c8        0x4 ./Core/Src/input_reading.o
 .bss.counterForButtonPress1s
                0x00000000200000cc        0x8 ./Core/Src/input_reading.o
 .bss.htim2     0x00000000200000d4       0x48 ./Core/Src/main.o
                0x00000000200000d4                htim2
 .bss.htim3     0x000000002000011c       0x48 ./Core/Src/main.o
                0x000000002000011c                htim3
 .bss.huart2    0x0000000020000164       0x44 ./Core/Src/main.o
                0x0000000020000164                huart2
 .bss.str       0x00000000200001a8       0x32 ./Core/Src/main.o
                0x00000000200001a8                str
 *fill*         0x00000000200001da        0x2 
 .bss.SCH_tasks_G
                0x00000000200001dc      0x320 ./Core/Src/scheduler.o
 .bss.flag_timer_0
                0x00000000200004fc        0x1 ./Core/Src/software_timer.o
 .bss.counter_timer_0
                0x00000000200004fd        0x1 ./Core/Src/software_timer.o
 .bss.flag_timer_1
                0x00000000200004fe        0x1 ./Core/Src/software_timer.o
 .bss.counter_timer_1
                0x00000000200004ff        0x1 ./Core/Src/software_timer.o
 .bss.flag_timer_2
                0x0000000020000500        0x1 ./Core/Src/software_timer.o
 .bss.counter_timer_2
                0x0000000020000501        0x1 ./Core/Src/software_timer.o
 .bss.flag_timer_3
                0x0000000020000502        0x1 ./Core/Src/software_timer.o
 .bss.counter_timer_3
                0x0000000020000503        0x1 ./Core/Src/software_timer.o
 .bss.__sbrk_heap_end
                0x0000000020000504        0x4 ./Core/Src/sysmem.o
 .bss.uwTick    0x0000000020000508        0x4 ./Drivers/STM32F1xx_HAL_Driver/Src/stm32f1xx_hal.o
                0x0000000020000508                uwTick
 .bss.__malloc_free_list
                0x000000002000050c        0x4 f:/stm32_ide/stm32cubeide_1.10.1/stm32cubeide/plugins/com.st.stm32cube.ide.mcu.externaltools.gnu-tools-for-stm32.10.3-2021.10.win32_1.0.0.202111181127/tools/bin/../lib/gcc/arm-none-eabi/10.3.1/../../../../arm-none-eabi/lib/thumb/v7-m/nofp\libc_nano.a(lib_a-nano-mallocr.o)
                0x000000002000050c                __malloc_free_list
 .bss.__malloc_sbrk_start
                0x0000000020000510        0x4 f:/stm32_ide/stm32cubeide_1.10.1/stm32cubeide/plugins/com.st.stm32cube.ide.mcu.externaltools.gnu-tools-for-stm32.10.3-2021.10.win32_1.0.0.202111181127/tools/bin/../lib/gcc/arm-none-eabi/10.3.1/../../../../arm-none-eabi/lib/thumb/v7-m/nofp\libc_nano.a(lib_a-nano-mallocr.o)
                0x0000000020000510                __malloc_sbrk_start
 .bss.errno     0x0000000020000514        0x4 f:/stm32_ide/stm32cubeide_1.10.1/stm32cubeide/plugins/com.st.stm32cube.ide.mcu.externaltools.gnu-tools-for-stm32.10.3-2021.10.win32_1.0.0.202111181127/tools/bin/../lib/gcc/arm-none-eabi/10.3.1/../../../../arm-none-eabi/lib/thumb/v7-m/nofp\libc_nano.a(lib_a-reent.o)
                0x0000000020000514                errno
 .bss.__lock___malloc_recursive_mutex
                0x0000000020000518        0x1 f:/stm32_ide/stm32cubeide_1.10.1/stm32cubeide/plugins/com.st.stm32cube.ide.mcu.externaltools.gnu-tools-for-stm32.10.3-2021.10.win32_1.0.0.202111181127/tools/bin/../lib/gcc/arm-none-eabi/10.3.1/../../../../arm-none-eabi/lib/thumb/v7-m/nofp\libc_nano.a(lib_a-lock.o)
                0x0000000020000518                __lock___malloc_recursive_mutex
 *(COMMON)
                0x000000002000051c                . = ALIGN (0x4)
 *fill*         0x0000000020000519        0x3 
                0x000000002000051c                _ebss = .
                0x000000002000051c                __bss_end__ = _ebss

._user_heap_stack
                0x000000002000051c      0x604 load address 0x0000000008004788
                0x0000000020000520                . = ALIGN (0x8)
 *fill*         0x000000002000051c        0x4 
                [!provide]                        PROVIDE (end = .)
                0x0000000020000520                PROVIDE (_end = .)
                0x0000000020000720                . = (. + _Min_Heap_Size)
 *fill*         0x0000000020000520      0x200 
                0x0000000020000b20                . = (. + _Min_Stack_Size)
 *fill*         0x0000000020000720      0x400 
                0x0000000020000b20                . = ALIGN (0x8)

/DISCARD/
 libc.a(*)
 libm.a(*)
 libgcc.a(*)

.ARM.attributes
                0x0000000000000000       0x29
 *(.ARM.attributes)
 .ARM.attributes
                0x0000000000000000       0x1d f:/stm32_ide/stm32cubeide_1.10.1/stm32cubeide/plugins/com.st.stm32cube.ide.mcu.externaltools.gnu-tools-for-stm32.10.3-2021.10.win32_1.0.0.202111181127/tools/bin/../lib/gcc/arm-none-eabi/10.3.1/thumb/v7-m/nofp/crti.o
 .ARM.attributes
                0x000000000000001d       0x2d f:/stm32_ide/stm32cubeide_1.10.1/stm32cubeide/plugins/com.st.stm32cube.ide.mcu.externaltools.gnu-tools-for-stm32.10.3-2021.10.win32_1.0.0.202111181127/tools/bin/../lib/gcc/arm-none-eabi/10.3.1/thumb/v7-m/nofp/crtbegin.o
 .ARM.attributes
                0x000000000000004a       0x2d ./Core/Src/fsm.o
 .ARM.attributes
                0x0000000000000077       0x2d ./Core/Src/global.o
 .ARM.attributes
                0x00000000000000a4       0x2d ./Core/Src/input_reading.o
 .ARM.attributes
                0x00000000000000d1       0x2d ./Core/Src/main.o
 .ARM.attributes
                0x00000000000000fe       0x2d ./Core/Src/output_control.o
 .ARM.attributes
                0x000000000000012b       0x2d ./Core/Src/scheduler.o
 .ARM.attributes
                0x0000000000000158       0x2d ./Core/Src/software_timer.o
 .ARM.attributes
                0x0000000000000185       0x2d ./Core/Src/stm32f1xx_hal_msp.o
 .ARM.attributes
                0x00000000000001b2       0x2d ./Core/Src/stm32f1xx_it.o
 .ARM.attributes
                0x00000000000001df       0x2d ./Core/Src/sysmem.o
 .ARM.attributes
                0x000000000000020c       0x2d ./Core/Src/system_stm32f1xx.o
 .ARM.attributes
                0x0000000000000239       0x21 ./Core/Startup/startup_stm32f103rbtx.o
 .ARM.attributes
                0x000000000000025a       0x2d ./Drivers/STM32F1xx_HAL_Driver/Src/stm32f1xx_hal.o
 .ARM.attributes
                0x0000000000000287       0x2d ./Drivers/STM32F1xx_HAL_Driver/Src/stm32f1xx_hal_cortex.o
 .ARM.attributes
                0x00000000000002b4       0x2d ./Drivers/STM32F1xx_HAL_Driver/Src/stm32f1xx_hal_dma.o
 .ARM.attributes
                0x00000000000002e1       0x2d ./Drivers/STM32F1xx_HAL_Driver/Src/stm32f1xx_hal_gpio.o
 .ARM.attributes
                0x000000000000030e       0x2d ./Drivers/STM32F1xx_HAL_Driver/Src/stm32f1xx_hal_rcc.o
 .ARM.attributes
                0x000000000000033b       0x2d ./Drivers/STM32F1xx_HAL_Driver/Src/stm32f1xx_hal_tim.o
 .ARM.attributes
                0x0000000000000368       0x2d ./Drivers/STM32F1xx_HAL_Driver/Src/stm32f1xx_hal_tim_ex.o
 .ARM.attributes
                0x0000000000000395       0x2d ./Drivers/STM32F1xx_HAL_Driver/Src/stm32f1xx_hal_uart.o
 .ARM.attributes
                0x00000000000003c2       0x2d f:/stm32_ide/stm32cubeide_1.10.1/stm32cubeide/plugins/com.st.stm32cube.ide.mcu.externaltools.gnu-tools-for-stm32.10.3-2021.10.win32_1.0.0.202111181127/tools/bin/../lib/gcc/arm-none-eabi/10.3.1/../../../../arm-none-eabi/lib/thumb/v7-m/nofp\libc_nano.a(lib_a-errno.o)
 .ARM.attributes
                0x00000000000003ef       0x2d f:/stm32_ide/stm32cubeide_1.10.1/stm32cubeide/plugins/com.st.stm32cube.ide.mcu.externaltools.gnu-tools-for-stm32.10.3-2021.10.win32_1.0.0.202111181127/tools/bin/../lib/gcc/arm-none-eabi/10.3.1/../../../../arm-none-eabi/lib/thumb/v7-m/nofp\libc_nano.a(lib_a-impure.o)
 .ARM.attributes
                0x000000000000041c       0x2d f:/stm32_ide/stm32cubeide_1.10.1/stm32cubeide/plugins/com.st.stm32cube.ide.mcu.externaltools.gnu-tools-for-stm32.10.3-2021.10.win32_1.0.0.202111181127/tools/bin/../lib/gcc/arm-none-eabi/10.3.1/../../../../arm-none-eabi/lib/thumb/v7-m/nofp\libc_nano.a(lib_a-init.o)
 .ARM.attributes
                0x0000000000000449       0x2d f:/stm32_ide/stm32cubeide_1.10.1/stm32cubeide/plugins/com.st.stm32cube.ide.mcu.externaltools.gnu-tools-for-stm32.10.3-2021.10.win32_1.0.0.202111181127/tools/bin/../lib/gcc/arm-none-eabi/10.3.1/../../../../arm-none-eabi/lib/thumb/v7-m/nofp\libc_nano.a(lib_a-memset.o)
 .ARM.attributes
                0x0000000000000476       0x2d f:/stm32_ide/stm32cubeide_1.10.1/stm32cubeide/plugins/com.st.stm32cube.ide.mcu.externaltools.gnu-tools-for-stm32.10.3-2021.10.win32_1.0.0.202111181127/tools/bin/../lib/gcc/arm-none-eabi/10.3.1/../../../../arm-none-eabi/lib/thumb/v7-m/nofp\libc_nano.a(lib_a-sprintf.o)
 .ARM.attributes
                0x00000000000004a3       0x2d f:/stm32_ide/stm32cubeide_1.10.1/stm32cubeide/plugins/com.st.stm32cube.ide.mcu.externaltools.gnu-tools-for-stm32.10.3-2021.10.win32_1.0.0.202111181127/tools/bin/../lib/gcc/arm-none-eabi/10.3.1/../../../../arm-none-eabi/lib/thumb/v7-m/nofp\libc_nano.a(lib_a-nano-svfprintf.o)
 .ARM.attributes
                0x00000000000004d0       0x2d f:/stm32_ide/stm32cubeide_1.10.1/stm32cubeide/plugins/com.st.stm32cube.ide.mcu.externaltools.gnu-tools-for-stm32.10.3-2021.10.win32_1.0.0.202111181127/tools/bin/../lib/gcc/arm-none-eabi/10.3.1/../../../../arm-none-eabi/lib/thumb/v7-m/nofp\libc_nano.a(lib_a-nano-vfprintf_i.o)
 .ARM.attributes
                0x00000000000004fd       0x2d f:/stm32_ide/stm32cubeide_1.10.1/stm32cubeide/plugins/com.st.stm32cube.ide.mcu.externaltools.gnu-tools-for-stm32.10.3-2021.10.win32_1.0.0.202111181127/tools/bin/../lib/gcc/arm-none-eabi/10.3.1/../../../../arm-none-eabi/lib/thumb/v7-m/nofp\libc_nano.a(lib_a-memchr-stub.o)
 .ARM.attributes
                0x000000000000052a       0x2d f:/stm32_ide/stm32cubeide_1.10.1/stm32cubeide/plugins/com.st.stm32cube.ide.mcu.externaltools.gnu-tools-for-stm32.10.3-2021.10.win32_1.0.0.202111181127/tools/bin/../lib/gcc/arm-none-eabi/10.3.1/../../../../arm-none-eabi/lib/thumb/v7-m/nofp\libc_nano.a(lib_a-memcpy-stub.o)
 .ARM.attributes
                0x0000000000000557       0x2d f:/stm32_ide/stm32cubeide_1.10.1/stm32cubeide/plugins/com.st.stm32cube.ide.mcu.externaltools.gnu-tools-for-stm32.10.3-2021.10.win32_1.0.0.202111181127/tools/bin/../lib/gcc/arm-none-eabi/10.3.1/../../../../arm-none-eabi/lib/thumb/v7-m/nofp\libc_nano.a(lib_a-memmove.o)
 .ARM.attributes
                0x0000000000000584       0x2d f:/stm32_ide/stm32cubeide_1.10.1/stm32cubeide/plugins/com.st.stm32cube.ide.mcu.externaltools.gnu-tools-for-stm32.10.3-2021.10.win32_1.0.0.202111181127/tools/bin/../lib/gcc/arm-none-eabi/10.3.1/../../../../arm-none-eabi/lib/thumb/v7-m/nofp\libc_nano.a(lib_a-nano-freer.o)
 .ARM.attributes
                0x00000000000005b1       0x2d f:/stm32_ide/stm32cubeide_1.10.1/stm32cubeide/plugins/com.st.stm32cube.ide.mcu.externaltools.gnu-tools-for-stm32.10.3-2021.10.win32_1.0.0.202111181127/tools/bin/../lib/gcc/arm-none-eabi/10.3.1/../../../../arm-none-eabi/lib/thumb/v7-m/nofp\libc_nano.a(lib_a-nano-mallocr.o)
 .ARM.attributes
                0x00000000000005de       0x2d f:/stm32_ide/stm32cubeide_1.10.1/stm32cubeide/plugins/com.st.stm32cube.ide.mcu.externaltools.gnu-tools-for-stm32.10.3-2021.10.win32_1.0.0.202111181127/tools/bin/../lib/gcc/arm-none-eabi/10.3.1/../../../../arm-none-eabi/lib/thumb/v7-m/nofp\libc_nano.a(lib_a-nano-reallocr.o)
 .ARM.attributes
                0x000000000000060b       0x2d f:/stm32_ide/stm32cubeide_1.10.1/stm32cubeide/plugins/com.st.stm32cube.ide.mcu.externaltools.gnu-tools-for-stm32.10.3-2021.10.win32_1.0.0.202111181127/tools/bin/../lib/gcc/arm-none-eabi/10.3.1/../../../../arm-none-eabi/lib/thumb/v7-m/nofp\libc_nano.a(lib_a-sbrkr.o)
 .ARM.attributes
                0x0000000000000638       0x2d f:/stm32_ide/stm32cubeide_1.10.1/stm32cubeide/plugins/com.st.stm32cube.ide.mcu.externaltools.gnu-tools-for-stm32.10.3-2021.10.win32_1.0.0.202111181127/tools/bin/../lib/gcc/arm-none-eabi/10.3.1/../../../../arm-none-eabi/lib/thumb/v7-m/nofp\libc_nano.a(lib_a-mlock.o)
 .ARM.attributes
                0x0000000000000665       0x2d f:/stm32_ide/stm32cubeide_1.10.1/stm32cubeide/plugins/com.st.stm32cube.ide.mcu.externaltools.gnu-tools-for-stm32.10.3-2021.10.win32_1.0.0.202111181127/tools/bin/../lib/gcc/arm-none-eabi/10.3.1/../../../../arm-none-eabi/lib/thumb/v7-m/nofp\libc_nano.a(lib_a-nano-msizer.o)
 .ARM.attributes
                0x0000000000000692       0x2d f:/stm32_ide/stm32cubeide_1.10.1/stm32cubeide/plugins/com.st.stm32cube.ide.mcu.externaltools.gnu-tools-for-stm32.10.3-2021.10.win32_1.0.0.202111181127/tools/bin/../lib/gcc/arm-none-eabi/10.3.1/../../../../arm-none-eabi/lib/thumb/v7-m/nofp\libc_nano.a(lib_a-reent.o)
 .ARM.attributes
                0x00000000000006bf       0x2d f:/stm32_ide/stm32cubeide_1.10.1/stm32cubeide/plugins/com.st.stm32cube.ide.mcu.externaltools.gnu-tools-for-stm32.10.3-2021.10.win32_1.0.0.202111181127/tools/bin/../lib/gcc/arm-none-eabi/10.3.1/../../../../arm-none-eabi/lib/thumb/v7-m/nofp\libc_nano.a(lib_a-lock.o)
 .ARM.attributes
                0x00000000000006ec       0x1d f:/stm32_ide/stm32cubeide_1.10.1/stm32cubeide/plugins/com.st.stm32cube.ide.mcu.externaltools.gnu-tools-for-stm32.10.3-2021.10.win32_1.0.0.202111181127/tools/bin/../lib/gcc/arm-none-eabi/10.3.1/thumb/v7-m/nofp/crtn.o
OUTPUT(Final_Project.elf elf32-littlearm)
LOAD linker stubs
LOAD f:/stm32_ide/stm32cubeide_1.10.1/stm32cubeide/plugins/com.st.stm32cube.ide.mcu.externaltools.gnu-tools-for-stm32.10.3-2021.10.win32_1.0.0.202111181127/tools/bin/../lib/gcc/arm-none-eabi/10.3.1/../../../../arm-none-eabi/lib/thumb/v7-m/nofp\libc.a
LOAD f:/stm32_ide/stm32cubeide_1.10.1/stm32cubeide/plugins/com.st.stm32cube.ide.mcu.externaltools.gnu-tools-for-stm32.10.3-2021.10.win32_1.0.0.202111181127/tools/bin/../lib/gcc/arm-none-eabi/10.3.1/../../../../arm-none-eabi/lib/thumb/v7-m/nofp\libm.a
LOAD f:/stm32_ide/stm32cubeide_1.10.1/stm32cubeide/plugins/com.st.stm32cube.ide.mcu.externaltools.gnu-tools-for-stm32.10.3-2021.10.win32_1.0.0.202111181127/tools/bin/../lib/gcc/arm-none-eabi/10.3.1/thumb/v7-m/nofp\libgcc.a

.debug_info     0x0000000000000000     0xbc80
 .debug_info    0x0000000000000000      0x36e ./Core/Src/fsm.o
 .debug_info    0x000000000000036e       0xc2 ./Core/Src/global.o
 .debug_info    0x0000000000000430      0x2fe ./Core/Src/input_reading.o
 .debug_info    0x000000000000072e     0x107b ./Core/Src/main.o
 .debug_info    0x00000000000017a9      0x23e ./Core/Src/output_control.o
 .debug_info    0x00000000000019e7      0x258 ./Core/Src/scheduler.o
 .debug_info    0x0000000000001c3f      0x80c ./Core/Src/software_timer.o
 .debug_info    0x000000000000244b      0xded ./Core/Src/stm32f1xx_hal_msp.o
 .debug_info    0x0000000000003238      0x9a7 ./Core/Src/stm32f1xx_it.o
 .debug_info    0x0000000000003bdf      0x171 ./Core/Src/sysmem.o
 .debug_info    0x0000000000003d50      0x23d ./Core/Src/system_stm32f1xx.o
 .debug_info    0x0000000000003f8d       0x22 ./Core/Startup/startup_stm32f103rbtx.o
 .debug_info    0x0000000000003faf      0x734 ./Drivers/STM32F1xx_HAL_Driver/Src/stm32f1xx_hal.o
 .debug_info    0x00000000000046e3      0xb20 ./Drivers/STM32F1xx_HAL_Driver/Src/stm32f1xx_hal_cortex.o
 .debug_info    0x0000000000005203      0x73f ./Drivers/STM32F1xx_HAL_Driver/Src/stm32f1xx_hal_dma.o
 .debug_info    0x0000000000005942      0x615 ./Drivers/STM32F1xx_HAL_Driver/Src/stm32f1xx_hal_gpio.o
 .debug_info    0x0000000000005f57      0x860 ./Drivers/STM32F1xx_HAL_Driver/Src/stm32f1xx_hal_rcc.o
 .debug_info    0x00000000000067b7     0x29de ./Drivers/STM32F1xx_HAL_Driver/Src/stm32f1xx_hal_tim.o
 .debug_info    0x0000000000009195     0x1513 ./Drivers/STM32F1xx_HAL_Driver/Src/stm32f1xx_hal_tim_ex.o
 .debug_info    0x000000000000a6a8     0x15d8 ./Drivers/STM32F1xx_HAL_Driver/Src/stm32f1xx_hal_uart.o

.debug_abbrev   0x0000000000000000     0x21b5
 .debug_abbrev  0x0000000000000000      0x131 ./Core/Src/fsm.o
 .debug_abbrev  0x0000000000000131       0x52 ./Core/Src/global.o
 .debug_abbrev  0x0000000000000183      0x15f ./Core/Src/input_reading.o
 .debug_abbrev  0x00000000000002e2      0x309 ./Core/Src/main.o
 .debug_abbrev  0x00000000000005eb       0xe7 ./Core/Src/output_control.o
 .debug_abbrev  0x00000000000006d2      0x13d ./Core/Src/scheduler.o
 .debug_abbrev  0x000000000000080f      0x1d2 ./Core/Src/software_timer.o
 .debug_abbrev  0x00000000000009e1      0x1c5 ./Core/Src/stm32f1xx_hal_msp.o
 .debug_abbrev  0x0000000000000ba6      0x184 ./Core/Src/stm32f1xx_it.o
 .debug_abbrev  0x0000000000000d2a       0xbb ./Core/Src/sysmem.o
 .debug_abbrev  0x0000000000000de5      0x13b ./Core/Src/system_stm32f1xx.o
 .debug_abbrev  0x0000000000000f20       0x12 ./Core/Startup/startup_stm32f103rbtx.o
 .debug_abbrev  0x0000000000000f32      0x1fb ./Drivers/STM32F1xx_HAL_Driver/Src/stm32f1xx_hal.o
 .debug_abbrev  0x000000000000112d      0x2ed ./Drivers/STM32F1xx_HAL_Driver/Src/stm32f1xx_hal_cortex.o
 .debug_abbrev  0x000000000000141a      0x1fe ./Drivers/STM32F1xx_HAL_Driver/Src/stm32f1xx_hal_dma.o
 .debug_abbrev  0x0000000000001618      0x1bb ./Drivers/STM32F1xx_HAL_Driver/Src/stm32f1xx_hal_gpio.o
 .debug_abbrev  0x00000000000017d3      0x2a8 ./Drivers/STM32F1xx_HAL_Driver/Src/stm32f1xx_hal_rcc.o
 .debug_abbrev  0x0000000000001a7b      0x25d ./Drivers/STM32F1xx_HAL_Driver/Src/stm32f1xx_hal_tim.o
 .debug_abbrev  0x0000000000001cd8      0x265 ./Drivers/STM32F1xx_HAL_Driver/Src/stm32f1xx_hal_tim_ex.o
 .debug_abbrev  0x0000000000001f3d      0x278 ./Drivers/STM32F1xx_HAL_Driver/Src/stm32f1xx_hal_uart.o

.debug_aranges  0x0000000000000000      0xdd0
 .debug_aranges
                0x0000000000000000       0x58 ./Core/Src/fsm.o
 .debug_aranges
                0x0000000000000058       0x18 ./Core/Src/global.o
 .debug_aranges
                0x0000000000000070       0x38 ./Core/Src/input_reading.o
 .debug_aranges
                0x00000000000000a8       0x60 ./Core/Src/main.o
 .debug_aranges
                0x0000000000000108       0x68 ./Core/Src/output_control.o
 .debug_aranges
                0x0000000000000170       0x48 ./Core/Src/scheduler.o
 .debug_aranges
                0x00000000000001b8       0x68 ./Core/Src/software_timer.o
 .debug_aranges
                0x0000000000000220       0x48 ./Core/Src/stm32f1xx_hal_msp.o
 .debug_aranges
                0x0000000000000268       0x78 ./Core/Src/stm32f1xx_it.o
 .debug_aranges
                0x00000000000002e0       0x20 ./Core/Src/sysmem.o
 .debug_aranges
                0x0000000000000300       0x28 ./Core/Src/system_stm32f1xx.o
 .debug_aranges
                0x0000000000000328       0x28 ./Core/Startup/startup_stm32f103rbtx.o
 .debug_aranges
                0x0000000000000350       0xe0 ./Drivers/STM32F1xx_HAL_Driver/Src/stm32f1xx_hal.o
 .debug_aranges
                0x0000000000000430      0x100 ./Drivers/STM32F1xx_HAL_Driver/Src/stm32f1xx_hal_cortex.o
 .debug_aranges
                0x0000000000000530       0x80 ./Drivers/STM32F1xx_HAL_Driver/Src/stm32f1xx_hal_dma.o
 .debug_aranges
                0x00000000000005b0       0x58 ./Drivers/STM32F1xx_HAL_Driver/Src/stm32f1xx_hal_gpio.o
 .debug_aranges
                0x0000000000000608       0x90 ./Drivers/STM32F1xx_HAL_Driver/Src/stm32f1xx_hal_rcc.o
 .debug_aranges
                0x0000000000000698      0x3d0 ./Drivers/STM32F1xx_HAL_Driver/Src/stm32f1xx_hal_tim.o
 .debug_aranges
                0x0000000000000a68      0x168 ./Drivers/STM32F1xx_HAL_Driver/Src/stm32f1xx_hal_tim_ex.o
 .debug_aranges
                0x0000000000000bd0      0x200 ./Drivers/STM32F1xx_HAL_Driver/Src/stm32f1xx_hal_uart.o

.debug_ranges   0x0000000000000000      0xcc0
 .debug_ranges  0x0000000000000000       0x48 ./Core/Src/fsm.o
 .debug_ranges  0x0000000000000048       0x28 ./Core/Src/input_reading.o
 .debug_ranges  0x0000000000000070       0x50 ./Core/Src/main.o
 .debug_ranges  0x00000000000000c0       0x58 ./Core/Src/output_control.o
 .debug_ranges  0x0000000000000118       0x38 ./Core/Src/scheduler.o
 .debug_ranges  0x0000000000000150       0x58 ./Core/Src/software_timer.o
 .debug_ranges  0x00000000000001a8       0x38 ./Core/Src/stm32f1xx_hal_msp.o
 .debug_ranges  0x00000000000001e0       0x68 ./Core/Src/stm32f1xx_it.o
 .debug_ranges  0x0000000000000248       0x10 ./Core/Src/sysmem.o
 .debug_ranges  0x0000000000000258       0x18 ./Core/Src/system_stm32f1xx.o
 .debug_ranges  0x0000000000000270       0x20 ./Core/Startup/startup_stm32f103rbtx.o
 .debug_ranges  0x0000000000000290       0xd0 ./Drivers/STM32F1xx_HAL_Driver/Src/stm32f1xx_hal.o
 .debug_ranges  0x0000000000000360       0xf0 ./Drivers/STM32F1xx_HAL_Driver/Src/stm32f1xx_hal_cortex.o
 .debug_ranges  0x0000000000000450       0x70 ./Drivers/STM32F1xx_HAL_Driver/Src/stm32f1xx_hal_dma.o
 .debug_ranges  0x00000000000004c0       0x48 ./Drivers/STM32F1xx_HAL_Driver/Src/stm32f1xx_hal_gpio.o
 .debug_ranges  0x0000000000000508       0x80 ./Drivers/STM32F1xx_HAL_Driver/Src/stm32f1xx_hal_rcc.o
 .debug_ranges  0x0000000000000588      0x3c0 ./Drivers/STM32F1xx_HAL_Driver/Src/stm32f1xx_hal_tim.o
 .debug_ranges  0x0000000000000948      0x158 ./Drivers/STM32F1xx_HAL_Driver/Src/stm32f1xx_hal_tim_ex.o
 .debug_ranges  0x0000000000000aa0      0x220 ./Drivers/STM32F1xx_HAL_Driver/Src/stm32f1xx_hal_uart.o

.debug_macro    0x0000000000000000    0x183b0
 .debug_macro   0x0000000000000000      0x1e2 ./Core/Src/fsm.o
 .debug_macro   0x00000000000001e2      0xa6c ./Core/Src/fsm.o
 .debug_macro   0x0000000000000c4e      0x21b ./Core/Src/fsm.o
 .debug_macro   0x0000000000000e69       0x2e ./Core/Src/fsm.o
 .debug_macro   0x0000000000000e97       0x22 ./Core/Src/fsm.o
 .debug_macro   0x0000000000000eb9       0x22 ./Core/Src/fsm.o
 .debug_macro   0x0000000000000edb       0x8e ./Core/Src/fsm.o
 .debug_macro   0x0000000000000f69       0x51 ./Core/Src/fsm.o
 .debug_macro   0x0000000000000fba      0x103 ./Core/Src/fsm.o
 .debug_macro   0x00000000000010bd       0x6a ./Core/Src/fsm.o
 .debug_macro   0x0000000000001127      0x1df ./Core/Src/fsm.o
 .debug_macro   0x0000000000001306       0x1c ./Core/Src/fsm.o
 .debug_macro   0x0000000000001322       0x22 ./Core/Src/fsm.o
 .debug_macro   0x0000000000001344       0xbd ./Core/Src/fsm.o
 .debug_macro   0x0000000000001401      0xd23 ./Core/Src/fsm.o
 .debug_macro   0x0000000000002124     0xe09e ./Core/Src/fsm.o
 .debug_macro   0x00000000000101c2       0x6d ./Core/Src/fsm.o
 .debug_macro   0x000000000001022f     0x3468 ./Core/Src/fsm.o
 .debug_macro   0x0000000000013697      0x174 ./Core/Src/fsm.o
 .debug_macro   0x000000000001380b       0x5c ./Core/Src/fsm.o
 .debug_macro   0x0000000000013867      0x5be ./Core/Src/fsm.o
 .debug_macro   0x0000000000013e25      0x289 ./Core/Src/fsm.o
 .debug_macro   0x00000000000140ae      0x1cb ./Core/Src/fsm.o
 .debug_macro   0x0000000000014279      0x114 ./Core/Src/fsm.o
 .debug_macro   0x000000000001438d      0x1b2 ./Core/Src/fsm.o
 .debug_macro   0x000000000001453f       0x27 ./Core/Src/fsm.o
 .debug_macro   0x0000000000014566      0x136 ./Core/Src/fsm.o
 .debug_macro   0x000000000001469c      0x1bc ./Core/Src/fsm.o
 .debug_macro   0x0000000000014858       0x34 ./Core/Src/fsm.o
 .debug_macro   0x000000000001488c       0x3c ./Core/Src/fsm.o
 .debug_macro   0x00000000000148c8       0x57 ./Core/Src/fsm.o
 .debug_macro   0x000000000001491f       0x88 ./Core/Src/fsm.o
 .debug_macro   0x00000000000149a7      0x241 ./Core/Src/fsm.o
 .debug_macro   0x0000000000014be8      0x141 ./Core/Src/fsm.o
 .debug_macro   0x0000000000014d29      0x8d1 ./Core/Src/fsm.o
 .debug_macro   0x00000000000155fa      0x279 ./Core/Src/fsm.o
 .debug_macro   0x0000000000015873       0x83 ./Core/Src/fsm.o
 .debug_macro   0x00000000000158f6       0x7c ./Core/Src/fsm.o
 .debug_macro   0x0000000000015972       0x16 ./Core/Src/fsm.o
 .debug_macro   0x0000000000015988       0x16 ./Core/Src/fsm.o
 .debug_macro   0x000000000001599e       0x1b ./Core/Src/global.o
 .debug_macro   0x00000000000159b9      0x1cd ./Core/Src/input_reading.o
 .debug_macro   0x0000000000015b86       0x10 ./Core/Src/input_reading.o
 .debug_macro   0x0000000000015b96      0x35b ./Core/Src/main.o
 .debug_macro   0x0000000000015ef1       0x52 ./Core/Src/main.o
 .debug_macro   0x0000000000015f43       0x18 ./Core/Src/main.o
 .debug_macro   0x0000000000015f5b       0x3c ./Core/Src/main.o
 .debug_macro   0x0000000000015f97       0x34 ./Core/Src/main.o
 .debug_macro   0x0000000000015fcb       0x16 ./Core/Src/main.o
 .debug_macro   0x0000000000015fe1       0x35 ./Core/Src/main.o
 .debug_macro   0x0000000000016016      0x341 ./Core/Src/main.o
 .debug_macro   0x0000000000016357       0x10 ./Core/Src/main.o
 .debug_macro   0x0000000000016367       0x16 ./Core/Src/main.o
 .debug_macro   0x000000000001637d       0x43 ./Core/Src/main.o
 .debug_macro   0x00000000000163c0       0x34 ./Core/Src/main.o
 .debug_macro   0x00000000000163f4       0x10 ./Core/Src/main.o
 .debug_macro   0x0000000000016404       0x58 ./Core/Src/main.o
 .debug_macro   0x000000000001645c       0x71 ./Core/Src/main.o
 .debug_macro   0x00000000000164cd       0x1c ./Core/Src/main.o
 .debug_macro   0x00000000000164e9      0x12a ./Core/Src/main.o
 .debug_macro   0x0000000000016613       0x10 ./Core/Src/main.o
 .debug_macro   0x0000000000016623       0x1c ./Core/Src/main.o
 .debug_macro   0x000000000001663f       0x52 ./Core/Src/main.o
 .debug_macro   0x0000000000016691       0x22 ./Core/Src/main.o
 .debug_macro   0x00000000000166b3       0x10 ./Core/Src/main.o
 .debug_macro   0x00000000000166c3       0x52 ./Core/Src/main.o
 .debug_macro   0x0000000000016715       0xd5 ./Core/Src/main.o
 .debug_macro   0x00000000000167ea       0x1c ./Core/Src/main.o
 .debug_macro   0x0000000000016806       0x3d ./Core/Src/main.o
 .debug_macro   0x0000000000016843       0x16 ./Core/Src/main.o
 .debug_macro   0x0000000000016859      0x145 ./Core/Src/main.o
 .debug_macro   0x000000000001699e      0x1bc ./Core/Src/output_control.o
 .debug_macro   0x0000000000016b5a       0x72 ./Core/Src/scheduler.o
 .debug_macro   0x0000000000016bcc       0x10 ./Core/Src/scheduler.o
 .debug_macro   0x0000000000016bdc      0x1ce ./Core/Src/software_timer.o
 .debug_macro   0x0000000000016daa      0x1b2 ./Core/Src/stm32f1xx_hal_msp.o
 .debug_macro   0x0000000000016f5c      0x1bc ./Core/Src/stm32f1xx_it.o
 .debug_macro   0x0000000000017118       0xff ./Core/Src/sysmem.o
 .debug_macro   0x0000000000017217      0x23b ./Core/Src/sysmem.o
 .debug_macro   0x0000000000017452      0x1a3 ./Core/Src/system_stm32f1xx.o
 .debug_macro   0x00000000000175f5      0x1c7 ./Drivers/STM32F1xx_HAL_Driver/Src/stm32f1xx_hal.o
 .debug_macro   0x00000000000177bc      0x1a3 ./Drivers/STM32F1xx_HAL_Driver/Src/stm32f1xx_hal_cortex.o
 .debug_macro   0x000000000001795f      0x1a3 ./Drivers/STM32F1xx_HAL_Driver/Src/stm32f1xx_hal_dma.o
 .debug_macro   0x0000000000017b02      0x20e ./Drivers/STM32F1xx_HAL_Driver/Src/stm32f1xx_hal_gpio.o
 .debug_macro   0x0000000000017d10      0x1b5 ./Drivers/STM32F1xx_HAL_Driver/Src/stm32f1xx_hal_rcc.o
 .debug_macro   0x0000000000017ec5      0x1a4 ./Drivers/STM32F1xx_HAL_Driver/Src/stm32f1xx_hal_tim.o
 .debug_macro   0x0000000000018069      0x1a3 ./Drivers/STM32F1xx_HAL_Driver/Src/stm32f1xx_hal_tim_ex.o
 .debug_macro   0x000000000001820c      0x1a4 ./Drivers/STM32F1xx_HAL_Driver/Src/stm32f1xx_hal_uart.o

.debug_line     0x0000000000000000     0xeae6
 .debug_line    0x0000000000000000      0x9c7 ./Core/Src/fsm.o
 .debug_line    0x00000000000009c7       0x4d ./Core/Src/global.o
 .debug_line    0x0000000000000a14      0x77e ./Core/Src/input_reading.o
 .debug_line    0x0000000000001192      0xacf ./Core/Src/main.o
 .debug_line    0x0000000000001c61      0x776 ./Core/Src/output_control.o
 .debug_line    0x00000000000023d7      0x519 ./Core/Src/scheduler.o
 .debug_line    0x00000000000028f0      0x7ea ./Core/Src/software_timer.o
 .debug_line    0x00000000000030da      0x76e ./Core/Src/stm32f1xx_hal_msp.o
 .debug_line    0x0000000000003848      0x798 ./Core/Src/stm32f1xx_it.o
 .debug_line    0x0000000000003fe0      0x50d ./Core/Src/sysmem.o
 .debug_line    0x00000000000044ed      0x70c ./Core/Src/system_stm32f1xx.o
 .debug_line    0x0000000000004bf9       0x87 ./Core/Startup/startup_stm32f103rbtx.o
 .debug_line    0x0000000000004c80      0x939 ./Drivers/STM32F1xx_HAL_Driver/Src/stm32f1xx_hal.o
 .debug_line    0x00000000000055b9      0xb21 ./Drivers/STM32F1xx_HAL_Driver/Src/stm32f1xx_hal_cortex.o
 .debug_line    0x00000000000060da      0xd91 ./Drivers/STM32F1xx_HAL_Driver/Src/stm32f1xx_hal_dma.o
 .debug_line    0x0000000000006e6b      0x9d0 ./Drivers/STM32F1xx_HAL_Driver/Src/stm32f1xx_hal_gpio.o
 .debug_line    0x000000000000783b      0xd47 ./Drivers/STM32F1xx_HAL_Driver/Src/stm32f1xx_hal_rcc.o
 .debug_line    0x0000000000008582     0x32ef ./Drivers/STM32F1xx_HAL_Driver/Src/stm32f1xx_hal_tim.o
 .debug_line    0x000000000000b871     0x1861 ./Drivers/STM32F1xx_HAL_Driver/Src/stm32f1xx_hal_tim_ex.o
 .debug_line    0x000000000000d0d2     0x1a14 ./Drivers/STM32F1xx_HAL_Driver/Src/stm32f1xx_hal_uart.o

.debug_str      0x0000000000000000    0x8add6
 .debug_str     0x0000000000000000    0x833dc ./Core/Src/fsm.o
                                      0x8373e (size before relaxing)
 .debug_str     0x00000000000833dc       0x15 ./Core/Src/global.o
                                       0x2cda (size before relaxing)
 .debug_str     0x00000000000833f1      0x165 ./Core/Src/input_reading.o
                                      0x835e8 (size before relaxing)
 .debug_str     0x0000000000083556     0x47fd ./Core/Src/main.o
                                      0x87e19 (size before relaxing)
 .debug_str     0x0000000000087d53       0x2b ./Core/Src/output_control.o
                                      0x83518 (size before relaxing)
 .debug_str     0x0000000000087d7e       0x69 ./Core/Src/scheduler.o
                                       0x3c91 (size before relaxing)
 .debug_str     0x0000000000087de7      0x124 ./Core/Src/software_timer.o
                                      0x83a9b (size before relaxing)
 .debug_str     0x0000000000087f0b      0x374 ./Core/Src/stm32f1xx_hal_msp.o
                                      0x83f37 (size before relaxing)
 .debug_str     0x000000000008827f      0x122 ./Core/Src/stm32f1xx_it.o
                                      0x83bd7 (size before relaxing)
 .debug_str     0x00000000000883a1      0x4da ./Core/Src/sysmem.o
                                       0x5d39 (size before relaxing)
 .debug_str     0x000000000008887b       0x7e ./Core/Src/system_stm32f1xx.o
                                      0x832a4 (size before relaxing)
 .debug_str     0x00000000000888f9       0x36 ./Core/Startup/startup_stm32f103rbtx.o
                                         0x53 (size before relaxing)
 .debug_str     0x000000000008892f      0x38e ./Drivers/STM32F1xx_HAL_Driver/Src/stm32f1xx_hal.o
                                      0x839d7 (size before relaxing)
 .debug_str     0x0000000000088cbd      0x294 ./Drivers/STM32F1xx_HAL_Driver/Src/stm32f1xx_hal_cortex.o
                                      0x83923 (size before relaxing)
 .debug_str     0x0000000000088f51      0x235 ./Drivers/STM32F1xx_HAL_Driver/Src/stm32f1xx_hal_dma.o
                                      0x8364d (size before relaxing)
 .debug_str     0x0000000000089186      0x2d0 ./Drivers/STM32F1xx_HAL_Driver/Src/stm32f1xx_hal_gpio.o
                                      0x8362a (size before relaxing)
 .debug_str     0x0000000000089456      0x229 ./Drivers/STM32F1xx_HAL_Driver/Src/stm32f1xx_hal_rcc.o
                                      0x836d3 (size before relaxing)
 .debug_str     0x000000000008967f      0xd0b ./Drivers/STM32F1xx_HAL_Driver/Src/stm32f1xx_hal_tim.o
                                      0x846be (size before relaxing)
 .debug_str     0x000000000008a38a      0x493 ./Drivers/STM32F1xx_HAL_Driver/Src/stm32f1xx_hal_tim_ex.o
                                      0x83eda (size before relaxing)
 .debug_str     0x000000000008a81d      0x5b9 ./Drivers/STM32F1xx_HAL_Driver/Src/stm32f1xx_hal_uart.o
                                      0x83cde (size before relaxing)

.comment        0x0000000000000000       0x50
 .comment       0x0000000000000000       0x50 ./Core/Src/fsm.o
                                         0x51 (size before relaxing)
 .comment       0x0000000000000050       0x51 ./Core/Src/global.o
 .comment       0x0000000000000050       0x51 ./Core/Src/input_reading.o
 .comment       0x0000000000000050       0x51 ./Core/Src/main.o
 .comment       0x0000000000000050       0x51 ./Core/Src/output_control.o
 .comment       0x0000000000000050       0x51 ./Core/Src/scheduler.o
 .comment       0x0000000000000050       0x51 ./Core/Src/software_timer.o
 .comment       0x0000000000000050       0x51 ./Core/Src/stm32f1xx_hal_msp.o
 .comment       0x0000000000000050       0x51 ./Core/Src/stm32f1xx_it.o
 .comment       0x0000000000000050       0x51 ./Core/Src/sysmem.o
 .comment       0x0000000000000050       0x51 ./Core/Src/system_stm32f1xx.o
 .comment       0x0000000000000050       0x51 ./Drivers/STM32F1xx_HAL_Driver/Src/stm32f1xx_hal.o
 .comment       0x0000000000000050       0x51 ./Drivers/STM32F1xx_HAL_Driver/Src/stm32f1xx_hal_cortex.o
 .comment       0x0000000000000050       0x51 ./Drivers/STM32F1xx_HAL_Driver/Src/stm32f1xx_hal_dma.o
 .comment       0x0000000000000050       0x51 ./Drivers/STM32F1xx_HAL_Driver/Src/stm32f1xx_hal_gpio.o
 .comment       0x0000000000000050       0x51 ./Drivers/STM32F1xx_HAL_Driver/Src/stm32f1xx_hal_rcc.o
 .comment       0x0000000000000050       0x51 ./Drivers/STM32F1xx_HAL_Driver/Src/stm32f1xx_hal_tim.o
 .comment       0x0000000000000050       0x51 ./Drivers/STM32F1xx_HAL_Driver/Src/stm32f1xx_hal_tim_ex.o
 .comment       0x0000000000000050       0x51 ./Drivers/STM32F1xx_HAL_Driver/Src/stm32f1xx_hal_uart.o

.debug_frame    0x0000000000000000     0x3b8c
 .debug_frame   0x0000000000000000       0xf4 ./Core/Src/fsm.o
 .debug_frame   0x00000000000000f4       0xb0 ./Core/Src/input_reading.o
 .debug_frame   0x00000000000001a4      0x12c ./Core/Src/main.o
 .debug_frame   0x00000000000002d0      0x128 ./Core/Src/output_control.o
 .debug_frame   0x00000000000003f8       0xf8 ./Core/Src/scheduler.o
 .debug_frame   0x00000000000004f0      0x174 ./Core/Src/software_timer.o
 .debug_frame   0x0000000000000664       0xec ./Core/Src/stm32f1xx_hal_msp.o
 .debug_frame   0x0000000000000750      0x158 ./Core/Src/stm32f1xx_it.o
 .debug_frame   0x00000000000008a8       0x34 ./Core/Src/sysmem.o
 .debug_frame   0x00000000000008dc       0x58 ./Core/Src/system_stm32f1xx.o
 .debug_frame   0x0000000000000934      0x334 ./Drivers/STM32F1xx_HAL_Driver/Src/stm32f1xx_hal.o
 .debug_frame   0x0000000000000c68      0x428 ./Drivers/STM32F1xx_HAL_Driver/Src/stm32f1xx_hal_cortex.o
 .debug_frame   0x0000000000001090      0x208 ./Drivers/STM32F1xx_HAL_Driver/Src/stm32f1xx_hal_dma.o
 .debug_frame   0x0000000000001298      0x14c ./Drivers/STM32F1xx_HAL_Driver/Src/stm32f1xx_hal_gpio.o
 .debug_frame   0x00000000000013e4      0x21c ./Drivers/STM32F1xx_HAL_Driver/Src/stm32f1xx_hal_rcc.o
 .debug_frame   0x0000000000001600     0x11b8 ./Drivers/STM32F1xx_HAL_Driver/Src/stm32f1xx_hal_tim.o
 .debug_frame   0x00000000000027b8      0x638 ./Drivers/STM32F1xx_HAL_Driver/Src/stm32f1xx_hal_tim_ex.o
 .debug_frame   0x0000000000002df0      0x914 ./Drivers/STM32F1xx_HAL_Driver/Src/stm32f1xx_hal_uart.o
 .debug_frame   0x0000000000003704       0x20 f:/stm32_ide/stm32cubeide_1.10.1/stm32cubeide/plugins/com.st.stm32cube.ide.mcu.externaltools.gnu-tools-for-stm32.10.3-2021.10.win32_1.0.0.202111181127/tools/bin/../lib/gcc/arm-none-eabi/10.3.1/../../../../arm-none-eabi/lib/thumb/v7-m/nofp\libc_nano.a(lib_a-errno.o)
 .debug_frame   0x0000000000003724       0x2c f:/stm32_ide/stm32cubeide_1.10.1/stm32cubeide/plugins/com.st.stm32cube.ide.mcu.externaltools.gnu-tools-for-stm32.10.3-2021.10.win32_1.0.0.202111181127/tools/bin/../lib/gcc/arm-none-eabi/10.3.1/../../../../arm-none-eabi/lib/thumb/v7-m/nofp\libc_nano.a(lib_a-init.o)
 .debug_frame   0x0000000000003750       0x20 f:/stm32_ide/stm32cubeide_1.10.1/stm32cubeide/plugins/com.st.stm32cube.ide.mcu.externaltools.gnu-tools-for-stm32.10.3-2021.10.win32_1.0.0.202111181127/tools/bin/../lib/gcc/arm-none-eabi/10.3.1/../../../../arm-none-eabi/lib/thumb/v7-m/nofp\libc_nano.a(lib_a-memset.o)
 .debug_frame   0x0000000000003770       0x6c f:/stm32_ide/stm32cubeide_1.10.1/stm32cubeide/plugins/com.st.stm32cube.ide.mcu.externaltools.gnu-tools-for-stm32.10.3-2021.10.win32_1.0.0.202111181127/tools/bin/../lib/gcc/arm-none-eabi/10.3.1/../../../../arm-none-eabi/lib/thumb/v7-m/nofp\libc_nano.a(lib_a-sprintf.o)
 .debug_frame   0x00000000000037dc       0x90 f:/stm32_ide/stm32cubeide_1.10.1/stm32cubeide/plugins/com.st.stm32cube.ide.mcu.externaltools.gnu-tools-for-stm32.10.3-2021.10.win32_1.0.0.202111181127/tools/bin/../lib/gcc/arm-none-eabi/10.3.1/../../../../arm-none-eabi/lib/thumb/v7-m/nofp\libc_nano.a(lib_a-nano-svfprintf.o)
 .debug_frame   0x000000000000386c       0x60 f:/stm32_ide/stm32cubeide_1.10.1/stm32cubeide/plugins/com.st.stm32cube.ide.mcu.externaltools.gnu-tools-for-stm32.10.3-2021.10.win32_1.0.0.202111181127/tools/bin/../lib/gcc/arm-none-eabi/10.3.1/../../../../arm-none-eabi/lib/thumb/v7-m/nofp\libc_nano.a(lib_a-nano-vfprintf_i.o)
 .debug_frame   0x00000000000038cc       0x28 f:/stm32_ide/stm32cubeide_1.10.1/stm32cubeide/plugins/com.st.stm32cube.ide.mcu.externaltools.gnu-tools-for-stm32.10.3-2021.10.win32_1.0.0.202111181127/tools/bin/../lib/gcc/arm-none-eabi/10.3.1/../../../../arm-none-eabi/lib/thumb/v7-m/nofp\libc_nano.a(lib_a-memchr-stub.o)
 .debug_frame   0x00000000000038f4       0x28 f:/stm32_ide/stm32cubeide_1.10.1/stm32cubeide/plugins/com.st.stm32cube.ide.mcu.externaltools.gnu-tools-for-stm32.10.3-2021.10.win32_1.0.0.202111181127/tools/bin/../lib/gcc/arm-none-eabi/10.3.1/../../../../arm-none-eabi/lib/thumb/v7-m/nofp\libc_nano.a(lib_a-memcpy-stub.o)
 .debug_frame   0x000000000000391c       0x28 f:/stm32_ide/stm32cubeide_1.10.1/stm32cubeide/plugins/com.st.stm32cube.ide.mcu.externaltools.gnu-tools-for-stm32.10.3-2021.10.win32_1.0.0.202111181127/tools/bin/../lib/gcc/arm-none-eabi/10.3.1/../../../../arm-none-eabi/lib/thumb/v7-m/nofp\libc_nano.a(lib_a-memmove.o)
 .debug_frame   0x0000000000003944       0x38 f:/stm32_ide/stm32cubeide_1.10.1/stm32cubeide/plugins/com.st.stm32cube.ide.mcu.externaltools.gnu-tools-for-stm32.10.3-2021.10.win32_1.0.0.202111181127/tools/bin/../lib/gcc/arm-none-eabi/10.3.1/../../../../arm-none-eabi/lib/thumb/v7-m/nofp\libc_nano.a(lib_a-nano-freer.o)
 .debug_frame   0x000000000000397c       0x4c f:/stm32_ide/stm32cubeide_1.10.1/stm32cubeide/plugins/com.st.stm32cube.ide.mcu.externaltools.gnu-tools-for-stm32.10.3-2021.10.win32_1.0.0.202111181127/tools/bin/../lib/gcc/arm-none-eabi/10.3.1/../../../../arm-none-eabi/lib/thumb/v7-m/nofp\libc_nano.a(lib_a-nano-mallocr.o)
 .debug_frame   0x00000000000039c8       0x3c f:/stm32_ide/stm32cubeide_1.10.1/stm32cubeide/plugins/com.st.stm32cube.ide.mcu.externaltools.gnu-tools-for-stm32.10.3-2021.10.win32_1.0.0.202111181127/tools/bin/../lib/gcc/arm-none-eabi/10.3.1/../../../../arm-none-eabi/lib/thumb/v7-m/nofp\libc_nano.a(lib_a-nano-reallocr.o)
 .debug_frame   0x0000000000003a04       0x2c f:/stm32_ide/stm32cubeide_1.10.1/stm32cubeide/plugins/com.st.stm32cube.ide.mcu.externaltools.gnu-tools-for-stm32.10.3-2021.10.win32_1.0.0.202111181127/tools/bin/../lib/gcc/arm-none-eabi/10.3.1/../../../../arm-none-eabi/lib/thumb/v7-m/nofp\libc_nano.a(lib_a-sbrkr.o)
 .debug_frame   0x0000000000003a30       0x30 f:/stm32_ide/stm32cubeide_1.10.1/stm32cubeide/plugins/com.st.stm32cube.ide.mcu.externaltools.gnu-tools-for-stm32.10.3-2021.10.win32_1.0.0.202111181127/tools/bin/../lib/gcc/arm-none-eabi/10.3.1/../../../../arm-none-eabi/lib/thumb/v7-m/nofp\libc_nano.a(lib_a-mlock.o)
 .debug_frame   0x0000000000003a60       0x20 f:/stm32_ide/stm32cubeide_1.10.1/stm32cubeide/plugins/com.st.stm32cube.ide.mcu.externaltools.gnu-tools-for-stm32.10.3-2021.10.win32_1.0.0.202111181127/tools/bin/../lib/gcc/arm-none-eabi/10.3.1/../../../../arm-none-eabi/lib/thumb/v7-m/nofp\libc_nano.a(lib_a-nano-msizer.o)
 .debug_frame   0x0000000000003a80       0x5c f:/stm32_ide/stm32cubeide_1.10.1/stm32cubeide/plugins/com.st.stm32cube.ide.mcu.externaltools.gnu-tools-for-stm32.10.3-2021.10.win32_1.0.0.202111181127/tools/bin/../lib/gcc/arm-none-eabi/10.3.1/../../../../arm-none-eabi/lib/thumb/v7-m/nofp\libc_nano.a(lib_a-reent.o)
 .debug_frame   0x0000000000003adc       0xb0 f:/stm32_ide/stm32cubeide_1.10.1/stm32cubeide/plugins/com.st.stm32cube.ide.mcu.externaltools.gnu-tools-for-stm32.10.3-2021.10.win32_1.0.0.202111181127/tools/bin/../lib/gcc/arm-none-eabi/10.3.1/../../../../arm-none-eabi/lib/thumb/v7-m/nofp\libc_nano.a(lib_a-lock.o)
